Copyright 1986-2022 Xilinx, Inc. All Rights Reserved. Copyright 2022-2025 Advanced Micro Devices, Inc. All Rights Reserved.
---------------------------------------------------------------------------------------------------------------------------------------------
| Tool Version : Vivado v.2025.2 (win64) Build 6299465 Fri Nov 14 19:35:11 GMT 2025
| Date         : Fri Mar 27 22:55:11 2026
| Host         : Harry running 64-bit major release  (build 9200)
| Command      : report_control_sets -verbose -file Top_control_sets_placed.rpt
| Design       : Top
| Device       : xc7a35t
---------------------------------------------------------------------------------------------------------------------------------------------

Control Set Information

Table of Contents
-----------------
1. Summary
2. Histogram
3. Flip-Flop Distribution
4. Detailed Control Set Information

1. Summary
----------

+----------------------------------------------------------+-------+
|                          Status                          | Count |
+----------------------------------------------------------+-------+
| Total control sets                                       |   230 |
|    Minimum number of control sets                        |   230 |
|    Addition due to synthesis replication                 |     0 |
|    Addition due to physical synthesis replication        |     0 |
| Unused register locations in slices containing registers |   232 |
+----------------------------------------------------------+-------+
* Control sets can be merged at opt_design using control_set_merge or merge_equivalent_drivers
** Run report_qor_suggestions for automated merging and remapping suggestions


2. Histogram
------------

+--------------------+-------+
|       Fanout       | Count |
+--------------------+-------+
| Total control sets |   230 |
| >= 0 to < 4        |     3 |
| >= 4 to < 6        |    15 |
| >= 6 to < 8        |     3 |
| >= 8 to < 10       |    40 |
| >= 10 to < 12      |     0 |
| >= 12 to < 14      |     1 |
| >= 14 to < 16      |    14 |
| >= 16              |   154 |
+--------------------+-------+
* Control sets can be remapped at either synth_design or opt_design


3. Flip-Flop Distribution
-------------------------

+--------------+-----------------------+------------------------+-----------------+--------------+
| Clock Enable | Synchronous Set/Reset | Asynchronous Set/Reset | Total Registers | Total Slices |
+--------------+-----------------------+------------------------+-----------------+--------------+
| No           | No                    | No                     |             238 |          111 |
| No           | No                    | Yes                    |               0 |            0 |
| No           | Yes                   | No                     |               1 |            1 |
| Yes          | No                    | No                     |           11304 |         2357 |
| Yes          | No                    | Yes                    |               0 |            0 |
| Yes          | Yes                   | No                     |            1337 |          340 |
+--------------+-----------------------+------------------------+-----------------+--------------+


4. Detailed Control Set Information
-----------------------------------

+-----------------------------+----------------------------------------------------------------------------------------------------------------+-----------------------------------------------------------------------------------------------------------------------------------------------------------------+------------------+----------------+--------------+
|         Clock Signal        |                                                  Enable Signal                                                 |                                                                         Set/Reset Signal                                                                        | Slice Load Count | Bel Load Count | Bels / Slice |
+-----------------------------+----------------------------------------------------------------------------------------------------------------+-----------------------------------------------------------------------------------------------------------------------------------------------------------------+------------------+----------------+--------------+
|  uut3/flush_reg_i_1_n_0     |                                                                                                                | uut3/write_en_reg_i_3_n_0                                                                                                                                       |                1 |              1 |         1.00 |
|  uut3/flush_reg/G0          |                                                                                                                |                                                                                                                                                                 |                1 |              1 |         1.00 |
|  uut3/write_en_reg/G0       |                                                                                                                |                                                                                                                                                                 |                1 |              1 |         1.00 |
|  clock_IBUF_BUFG            | uut4/uut/uut1/U0/i_synth/i_nd_to_rdy/ce_internal_core                                                          | uut4/uut/uut1/U0/i_synth/ADDSUB_OP.ADDSUB/DSP.OP/DSP48E1_BODY.EXP/BMA_EXP_DELAY/i_pipe/opt_has_pipe.first_q_reg[1]_0                                            |                1 |              4 |         4.00 |
|  clock_IBUF_BUFG            | uut4/uut/uut2/U0/i_synth/i_nd_to_rdy/ce_internal_core                                                          | uut4/uut/uut2/U0/i_synth/FMA_OP.OP/addsub/add/NORM/LZE/ENCODE[0].MUX_Z/OP_DEL/i_pipe/opt_has_pipe.first_q_reg[1]_1                                              |                1 |              4 |         4.00 |
|  clock_IBUF_BUFG            | uut4/uut/uut5/U0/i_synth/i_nd_to_rdy/ce_internal_core                                                          | uut4/uut/uut5/U0/i_synth/FMA_OP.OP/addsub/add/NORM/LZE/ENCODE[0].MUX_Z/OP_DEL/i_pipe/opt_has_pipe.first_q_reg[1]_1                                              |                2 |              4 |         2.00 |
|  clock_IBUF_BUFG            | uut4/uut/uut2/U0/i_synth/i_nd_to_rdy/ce_internal_core                                                          | uut4/uut/uut2/U0/i_synth/FMA_OP.OP/addsub/add/ALIGN_BLK/aligner.ALIGN_SHIFT/ALIGN_SHIFT/MUX_LOOP[1].SKEW_DIST_DEL.DEL_DIST/i_pipe/opt_has_pipe.first_q_reg[0]_1 |                1 |              4 |         4.00 |
|  clock_IBUF_BUFG            | uut4/uut/uut5/U0/i_synth/i_nd_to_rdy/ce_internal_core                                                          | uut4/uut/uut5/U0/i_synth/FMA_OP.OP/addsub/add/ALIGN_BLK/aligner.ALIGN_SHIFT/ALIGN_SHIFT/MUX_LOOP[1].SKEW_DIST_DEL.DEL_DIST/i_pipe/opt_has_pipe.first_q_reg[0]_1 |                1 |              4 |         4.00 |
|  clock_IBUF_BUFG            | uut4/uut/uut5/U0/i_synth/i_nd_to_rdy/ce_internal_core                                                          | uut4/uut/uut5/U0/i_synth/FMA_OP.OP/addsub/add/NORM/LZE/ENCODE[0].MUX_Z/OP_DEL/i_pipe/opt_has_pipe.first_q_reg[1]_0                                              |                1 |              4 |         4.00 |
|  clock_IBUF_BUFG            | uut4/uut/uut2/U0/i_synth/i_nd_to_rdy/ce_internal_core                                                          | uut4/uut/uut2/U0/i_synth/FMA_OP.OP/addsub/add/NORM/LZE/ENCODE[0].MUX_Z/OP_DEL/i_pipe/opt_has_pipe.first_q_reg[1]_0                                              |                1 |              4 |         4.00 |
|  clock_IBUF_BUFG            | uut4/uut6/U0/i_synth/i_nd_to_rdy/ce_internal_core                                                              | uut4/uut6/U0/i_synth/FMA_OP.OP/addsub/add/NORM/LZE/ENCODE[0].MUX_Z/OP_DEL/i_pipe/opt_has_pipe.first_q_reg[1]_0                                                  |                1 |              4 |         4.00 |
|  clock_IBUF_BUFG            | uut4/uut6/U0/i_synth/i_nd_to_rdy/ce_internal_core                                                              | uut4/uut6/U0/i_synth/FMA_OP.OP/addsub/add/NORM/LZE/ENCODE[0].MUX_Z/OP_DEL/i_pipe/opt_has_pipe.first_q_reg[1]_1                                                  |                3 |              4 |         1.33 |
|  clock_IBUF_BUFG            | uut4/uut6/U0/i_synth/i_nd_to_rdy/ce_internal_core                                                              | uut4/uut6/U0/i_synth/FMA_OP.OP/addsub/add/ALIGN_BLK/aligner.ALIGN_SHIFT/ALIGN_SHIFT/MUX_LOOP[1].SKEW_DIST_DEL.DEL_DIST/i_pipe/opt_has_pipe.first_q_reg[0]_1     |                1 |              4 |         4.00 |
|  clock_IBUF_BUFG            | uut4/uut/uut8/U0/i_synth/i_nd_to_rdy/ce_internal_core                                                          | uut4/uut/uut8/U0/i_synth/FMA_OP.OP/addsub/add/NORM/LZE/ENCODE[0].MUX_Z/OP_DEL/i_pipe/opt_has_pipe.first_q_reg[1]_0                                              |                1 |              4 |         4.00 |
|  clock_IBUF_BUFG            | uut4/uut/uut7/U0/i_synth/i_nd_to_rdy/ce_internal_core                                                          | uut4/uut/uut7/U0/i_synth/ADDSUB_OP.ADDSUB/DSP.OP/DSP48E1_BODY.EXP/BMA_EXP_DELAY/i_pipe/opt_has_pipe.first_q_reg[1]_0                                            |                1 |              4 |         4.00 |
|  clock_IBUF_BUFG            | uut4/uut/uut8/U0/i_synth/i_nd_to_rdy/ce_internal_core                                                          | uut4/uut/uut8/U0/i_synth/FMA_OP.OP/addsub/add/ALIGN_BLK/aligner.ALIGN_SHIFT/ALIGN_SHIFT/MUX_LOOP[1].SKEW_DIST_DEL.DEL_DIST/i_pipe/opt_has_pipe.first_q_reg[0]_1 |                1 |              4 |         4.00 |
|  clock_IBUF_BUFG            | uut4/uut/uut8/U0/i_synth/i_nd_to_rdy/ce_internal_core                                                          | uut4/uut/uut8/U0/i_synth/FMA_OP.OP/addsub/add/NORM/LZE/ENCODE[0].MUX_Z/OP_DEL/i_pipe/opt_has_pipe.first_q_reg[1]_1                                              |                1 |              4 |         4.00 |
|  clock_IBUF_BUFG            | uut4/uut7/U0/i_synth/i_nd_to_rdy/ce_internal_core                                                              | uut4/uut7/U0/i_synth/ADDSUB_OP.ADDSUB/DSP.OP/DSP48E1_BODY.EXP/BMA_EXP_DELAY/i_pipe/opt_has_pipe.first_q_reg[1]_0                                                |                2 |              4 |         2.00 |
|  clock_IBUF_BUFG            | uut4/uut7/U0/i_synth/i_nd_to_rdy/ce_internal_core                                                              | uut4/uut7/U0/i_synth/ADDSUB_OP.ADDSUB/DSP.OP/DSP48E1_BODY.EXP/BMA_EXP_DELAY/i_pipe/opt_has_pipe.first_q_reg[0]_0                                                |                1 |              7 |         7.00 |
|  clock_IBUF_BUFG            | uut4/uut/uut7/U0/i_synth/i_nd_to_rdy/ce_internal_core                                                          | uut4/uut/uut7/U0/i_synth/ADDSUB_OP.ADDSUB/DSP.OP/DSP48E1_BODY.EXP/BMA_EXP_DELAY/i_pipe/opt_has_pipe.first_q_reg[0]_0                                            |                2 |              7 |         3.50 |
|  clock_IBUF_BUFG            | uut4/uut/uut1/U0/i_synth/i_nd_to_rdy/ce_internal_core                                                          | uut4/uut/uut1/U0/i_synth/ADDSUB_OP.ADDSUB/DSP.OP/DSP48E1_BODY.EXP/BMA_EXP_DELAY/i_pipe/opt_has_pipe.first_q_reg[0]_0                                            |                1 |              7 |         7.00 |
|  clock_IBUF_BUFG            | uut3/mem[8][30]_i_2_0[0]                                                                                       |                                                                                                                                                                 |                3 |              8 |         2.67 |
|  clock_IBUF_BUFG            | uut4/uut1/U0/i_synth/need_combiner.use_2to1.skid_buffer_combiner/p_12_in                                       |                                                                                                                                                                 |                1 |              8 |         8.00 |
|  clock_IBUF_BUFG            | uut4/uut7/U0/i_synth/need_combiner.use_2to1.skid_buffer_combiner/p_4_in                                        |                                                                                                                                                                 |                2 |              8 |         4.00 |
|  clock_IBUF_BUFG            | uut4/uut7/U0/i_synth/need_combiner.use_2to1.skid_buffer_combiner/reg1_b_wr                                     |                                                                                                                                                                 |                1 |              8 |         8.00 |
|  clock_IBUF_BUFG            | uut4/uut/uut1/U0/i_synth/i_nd_to_rdy/opt_has_pipe.i_pipe[11].pipe_reg[11][0]_1                                 | uut4/uut/uut1/U0/i_synth/ADDSUB_OP.ADDSUB/DSP.OP/DSP48E1_BODY.EXP/DEC_STATE_PRE_OP_DELAY/i_pipe/SR[0]                                                           |                1 |              8 |         8.00 |
|  clock_IBUF_BUFG            | uut4/uut/uut5/U0/i_synth/need_combiner.use_3to1_fma.skid_buffer_combiner/gen_has_z_tready.reg1_a_ready_reg_n_0 |                                                                                                                                                                 |                1 |              8 |         8.00 |
|  clock_IBUF_BUFG            | uut4/uut1/U0/i_synth/need_combiner.use_2to1.skid_buffer_combiner/reg1_a_wr                                     |                                                                                                                                                                 |                1 |              8 |         8.00 |
|  clock_IBUF_BUFG            | uut3/addr1_reg[3]_0[0]                                                                                         |                                                                                                                                                                 |                1 |              8 |         8.00 |
|  clock_IBUF_BUFG            | uut3/addr1_reg[5]_0[0]                                                                                         |                                                                                                                                                                 |                1 |              8 |         8.00 |
|  clock_IBUF_BUFG            | uut4/uut/uut1/U0/i_synth/need_combiner.use_2to1.skid_buffer_combiner/p_4_in                                    |                                                                                                                                                                 |                1 |              8 |         8.00 |
|  clock_IBUF_BUFG            | uut4/uut/uut1/U0/i_synth/need_combiner.use_2to1.skid_buffer_combiner/reg1_b_wr                                 |                                                                                                                                                                 |                1 |              8 |         8.00 |
|  clock_IBUF_BUFG            | uut4/uut/uut1/U0/i_synth/i_nd_to_rdy/ce_internal_core                                                          | uut4/uut/uut1/U0/i_synth/ADDSUB_OP.ADDSUB/DSP.OP/DSP48E1_BODY.EXP/NUMB_CMP/NOT_FAST.CMP/C_CHAIN/CHAIN_GEN[15].CARRYS_DEL.NEED_DEL.CARRYS_FD_0                   |                2 |              8 |         4.00 |
|  clock_IBUF_BUFG            | uut4/uut/f4/uut/U0/i_synth/i_nd_to_rdy/opt_has_pipe.i_pipe[11].pipe_reg[11][0]_1                               | uut4/uut/f4/uut/U0/i_synth/ADDSUB_OP.ADDSUB/DSP.OP/DSP48E1_BODY.EXP/DEC_STATE_PRE_OP_DELAY/i_pipe/SR[0]                                                         |                1 |              8 |         8.00 |
|  clock_IBUF_BUFG            | uut3/mem[0][30]_i_4_0[0]                                                                                       |                                                                                                                                                                 |                2 |              8 |         4.00 |
|  clock_IBUF_BUFG            | uut4/uut/f4/uut1/U0/i_synth/i_nd_to_rdy/opt_has_pipe.i_pipe[11].pipe_reg[11][0]_1                              | uut4/uut/f4/uut1/U0/i_synth/ADDSUB_OP.ADDSUB/DSP.OP/DSP48E1_BODY.EXP/DEC_STATE_PRE_OP_DELAY/i_pipe/SR[0]                                                        |                2 |              8 |         4.00 |
|  clock_IBUF_BUFG            | uut4/uut/f1/uut/U0/i_synth/i_nd_to_rdy/opt_has_pipe.i_pipe[11].pipe_reg[11][0]_1                               | uut4/uut/f1/uut/U0/i_synth/ADDSUB_OP.ADDSUB/DSP.OP/DSP48E1_BODY.EXP/DEC_STATE_PRE_OP_DELAY/i_pipe/SR[0]                                                         |                1 |              8 |         8.00 |
|  clock_IBUF_BUFG            | uut4/uut5/U0/i_synth/i_nd_to_rdy/opt_has_pipe.i_pipe[11].pipe_reg[11][0]_1                                     | uut4/uut5/U0/i_synth/ADDSUB_OP.ADDSUB/DSP.OP/DSP48E1_BODY.EXP/DEC_STATE_PRE_OP_DELAY/i_pipe/SR[0]                                                               |                1 |              8 |         8.00 |
|  clock_IBUF_BUFG            | uut4/uut/uut7/U0/i_synth/need_combiner.use_2to1.skid_buffer_combiner/p_4_in                                    |                                                                                                                                                                 |                1 |              8 |         8.00 |
|  clock_IBUF_BUFG            | uut4/uut6/U0/i_synth/need_combiner.use_3to1_fma.skid_buffer_combiner/gen_has_z_tready.reg1_a_ready_reg_n_0     |                                                                                                                                                                 |                1 |              8 |         8.00 |
|  clock_IBUF_BUFG            | uut4/uut/uut2/U0/i_synth/need_combiner.use_3to1_fma.skid_buffer_combiner/gen_has_z_tready.reg1_a_ready_reg_n_0 |                                                                                                                                                                 |                3 |              8 |         2.67 |
|  clock_IBUF_BUFG            | uut4/uut6/U0/i_synth/need_combiner.use_3to1_fma.skid_buffer_combiner/p_17_in                                   |                                                                                                                                                                 |                1 |              8 |         8.00 |
|  clock_IBUF_BUFG            | uut4/uut/uut7/U0/i_synth/need_combiner.use_2to1.skid_buffer_combiner/reg1_b_wr                                 |                                                                                                                                                                 |                1 |              8 |         8.00 |
|  clock_IBUF_BUFG            | uut4/uut/f2/uut/U0/i_synth/i_nd_to_rdy/opt_has_pipe.i_pipe[11].pipe_reg[11][0]_1                               | uut4/uut/f2/uut/U0/i_synth/ADDSUB_OP.ADDSUB/DSP.OP/DSP48E1_BODY.EXP/DEC_STATE_PRE_OP_DELAY/i_pipe/SR[0]                                                         |                1 |              8 |         8.00 |
|  clock_IBUF_BUFG            | uut4/uut/f2/uut1/U0/i_synth/i_nd_to_rdy/opt_has_pipe.i_pipe[11].pipe_reg[11][0]_1                              | uut4/uut/f2/uut1/U0/i_synth/ADDSUB_OP.ADDSUB/DSP.OP/DSP48E1_BODY.EXP/DEC_STATE_PRE_OP_DELAY/i_pipe/SR[0]                                                        |                1 |              8 |         8.00 |
|  clock_IBUF_BUFG            | uut4/uut/uut7/U0/i_synth/i_nd_to_rdy/ce_internal_core                                                          | uut4/uut/uut7/U0/i_synth/ADDSUB_OP.ADDSUB/DSP.OP/DSP48E1_BODY.EXP/NUMB_CMP/NOT_FAST.CMP/C_CHAIN/CHAIN_GEN[15].CARRYS_DEL.NEED_DEL.CARRYS_FD_0                   |                2 |              8 |         4.00 |
|  clock_IBUF_BUFG            | uut4/uut/f3/uut/U0/i_synth/i_nd_to_rdy/opt_has_pipe.i_pipe[11].pipe_reg[11][0]_1                               | uut4/uut/f3/uut/U0/i_synth/ADDSUB_OP.ADDSUB/DSP.OP/DSP48E1_BODY.EXP/DEC_STATE_PRE_OP_DELAY/i_pipe/SR[0]                                                         |                2 |              8 |         4.00 |
|  clock_IBUF_BUFG            | uut4/uut/f3/uut1/U0/i_synth/i_nd_to_rdy/opt_has_pipe.i_pipe[11].pipe_reg[11][0]_1                              | uut4/uut/f3/uut1/U0/i_synth/ADDSUB_OP.ADDSUB/DSP.OP/DSP48E1_BODY.EXP/DEC_STATE_PRE_OP_DELAY/i_pipe/SR[0]                                                        |                2 |              8 |         4.00 |
|  clock_IBUF_BUFG            | uut4/uut/f1/uut1/U0/i_synth/i_nd_to_rdy/opt_has_pipe.i_pipe[11].pipe_reg[11][0]_1                              | uut4/uut/f1/uut1/U0/i_synth/ADDSUB_OP.ADDSUB/DSP.OP/DSP48E1_BODY.EXP/DEC_STATE_PRE_OP_DELAY/i_pipe/SR[0]                                                        |                1 |              8 |         8.00 |
|  clock_IBUF_BUFG            | uut4/uut4/U0/i_synth/i_nd_to_rdy/opt_has_pipe.i_pipe[11].pipe_reg[11][0]_1                                     | uut4/uut4/U0/i_synth/ADDSUB_OP.ADDSUB/DSP.OP/DSP48E1_BODY.EXP/DEC_STATE_PRE_OP_DELAY/i_pipe/SR[0]                                                               |                1 |              8 |         8.00 |
|  clock_IBUF_BUFG            | uut4/uut/uut7/U0/i_synth/i_nd_to_rdy/opt_has_pipe.i_pipe[11].pipe_reg[11][0]_1                                 | uut4/uut/uut7/U0/i_synth/ADDSUB_OP.ADDSUB/DSP.OP/DSP48E1_BODY.EXP/DEC_STATE_PRE_OP_DELAY/i_pipe/SR[0]                                                           |                1 |              8 |         8.00 |
|  clock_IBUF_BUFG            | uut4/uut3/U0/i_synth/i_nd_to_rdy/opt_has_pipe.i_pipe[11].pipe_reg[11][0]_1                                     | uut4/uut3/U0/i_synth/ADDSUB_OP.ADDSUB/DSP.OP/DSP48E1_BODY.EXP/DEC_STATE_PRE_OP_DELAY/i_pipe/SR[0]                                                               |                1 |              8 |         8.00 |
|  clock_IBUF_BUFG            | uut4/uut/uut2/U0/i_synth/need_combiner.use_3to1_fma.skid_buffer_combiner/p_17_in                               |                                                                                                                                                                 |                3 |              8 |         2.67 |
|  clock_IBUF_BUFG            | uut4/uut7/U0/i_synth/i_nd_to_rdy/ce_internal_core                                                              | uut4/uut7/U0/i_synth/ADDSUB_OP.ADDSUB/DSP.OP/DSP48E1_BODY.EXP/NUMB_CMP/NOT_FAST.CMP/C_CHAIN/CHAIN_GEN[15].CARRYS_DEL.NEED_DEL.CARRYS_FD_0                       |                3 |              8 |         2.67 |
|  clock_IBUF_BUFG            | uut4/uut/uut8/U0/i_synth/need_combiner.use_3to1_fma.skid_buffer_combiner/p_17_in                               |                                                                                                                                                                 |                1 |              8 |         8.00 |
|  clock_IBUF_BUFG            | uut4/uut/uut8/U0/i_synth/need_combiner.use_3to1_fma.skid_buffer_combiner/gen_has_z_tready.reg1_a_ready_reg_n_0 |                                                                                                                                                                 |                1 |              8 |         8.00 |
|  clock_IBUF_BUFG            | uut4/uut/uut5/U0/i_synth/need_combiner.use_3to1_fma.skid_buffer_combiner/p_17_in                               |                                                                                                                                                                 |                1 |              8 |         8.00 |
|  clock_IBUF_BUFG            | uut4/uut2/U0/i_synth/need_combiner.use_2to1.skid_buffer_combiner/reg1_a_wr                                     |                                                                                                                                                                 |                2 |              8 |         4.00 |
|  clock_IBUF_BUFG            | uut4/uut2/U0/i_synth/need_combiner.use_2to1.skid_buffer_combiner/p_12_in                                       |                                                                                                                                                                 |                1 |              8 |         8.00 |
|  clock_IBUF_BUFG            | uut3/write_en_reg_0                                                                                            | uut1/mem[4][31]_i_1_n_0                                                                                                                                         |                2 |              9 |         4.50 |
|  clock_IBUF_BUFG            | uut3/mem[0][30]_i_6_0                                                                                          | uut1/mem[0][31]_i_1_n_0                                                                                                                                         |                2 |              9 |         4.50 |
|  uut3/addr1_reg[11]_i_2_n_0 |                                                                                                                |                                                                                                                                                                 |                4 |             12 |         3.00 |
|  clock_IBUF_BUFG            | uut4/uut/f2/uut1/U0/i_synth/i_nd_to_rdy/ce_internal_core                                                       | uut4/uut/f2/uut1/U0/i_synth/ADDSUB_OP.ADDSUB/DSP.OP/DSP48E1_BODY.ALIGN_ADD/DSP2/i_no_versal_es1_workaround.DSP_1                                                |                2 |             15 |         7.50 |
|  clock_IBUF_BUFG            | uut4/uut/f1/uut/U0/i_synth/i_nd_to_rdy/ce_internal_core                                                        | uut4/uut/f1/uut/U0/i_synth/ADDSUB_OP.ADDSUB/DSP.OP/DSP48E1_BODY.ALIGN_ADD/DSP2/i_no_versal_es1_workaround.DSP_1                                                 |                4 |             15 |         3.75 |
|  clock_IBUF_BUFG            | uut4/uut7/U0/i_synth/i_nd_to_rdy/ce_internal_core                                                              | uut4/uut7/U0/i_synth/ADDSUB_OP.ADDSUB/DSP.OP/DSP48E1_BODY.ALIGN_ADD/DSP2/i_no_versal_es1_workaround.DSP_1                                                       |                2 |             15 |         7.50 |
|  clock_IBUF_BUFG            | uut4/uut/f3/uut/U0/i_synth/i_nd_to_rdy/ce_internal_core                                                        | uut4/uut/f3/uut/U0/i_synth/ADDSUB_OP.ADDSUB/DSP.OP/DSP48E1_BODY.ALIGN_ADD/DSP2/i_no_versal_es1_workaround.DSP_1                                                 |                3 |             15 |         5.00 |
|  clock_IBUF_BUFG            | uut4/uut5/U0/i_synth/i_nd_to_rdy/ce_internal_core                                                              | uut4/uut5/U0/i_synth/ADDSUB_OP.ADDSUB/DSP.OP/DSP48E1_BODY.ALIGN_ADD/DSP2/i_no_versal_es1_workaround.DSP_1                                                       |                2 |             15 |         7.50 |
|  clock_IBUF_BUFG            | uut4/uut/f2/uut/U0/i_synth/i_nd_to_rdy/ce_internal_core                                                        | uut4/uut/f2/uut/U0/i_synth/ADDSUB_OP.ADDSUB/DSP.OP/DSP48E1_BODY.ALIGN_ADD/DSP2/i_no_versal_es1_workaround.DSP_1                                                 |                2 |             15 |         7.50 |
|  clock_IBUF_BUFG            | uut4/uut3/U0/i_synth/i_nd_to_rdy/ce_internal_core                                                              | uut4/uut3/U0/i_synth/ADDSUB_OP.ADDSUB/DSP.OP/DSP48E1_BODY.ALIGN_ADD/DSP2/i_no_versal_es1_workaround.DSP_1                                                       |                2 |             15 |         7.50 |
|  clock_IBUF_BUFG            | uut4/uut/f4/uut/U0/i_synth/i_nd_to_rdy/ce_internal_core                                                        | uut4/uut/f4/uut/U0/i_synth/ADDSUB_OP.ADDSUB/DSP.OP/DSP48E1_BODY.ALIGN_ADD/DSP2/i_no_versal_es1_workaround.DSP_1                                                 |                3 |             15 |         5.00 |
|  clock_IBUF_BUFG            | uut4/uut/uut7/U0/i_synth/i_nd_to_rdy/ce_internal_core                                                          | uut4/uut/uut7/U0/i_synth/ADDSUB_OP.ADDSUB/DSP.OP/DSP48E1_BODY.ALIGN_ADD/DSP2/i_no_versal_es1_workaround.DSP_1                                                   |                2 |             15 |         7.50 |
|  clock_IBUF_BUFG            | uut4/uut/uut1/U0/i_synth/i_nd_to_rdy/ce_internal_core                                                          | uut4/uut/uut1/U0/i_synth/ADDSUB_OP.ADDSUB/DSP.OP/DSP48E1_BODY.ALIGN_ADD/DSP2/i_no_versal_es1_workaround.DSP_1                                                   |                2 |             15 |         7.50 |
|  clock_IBUF_BUFG            | uut4/uut/f4/uut1/U0/i_synth/i_nd_to_rdy/ce_internal_core                                                       | uut4/uut/f4/uut1/U0/i_synth/ADDSUB_OP.ADDSUB/DSP.OP/DSP48E1_BODY.ALIGN_ADD/DSP2/i_no_versal_es1_workaround.DSP_1                                                |                2 |             15 |         7.50 |
|  clock_IBUF_BUFG            | uut4/uut4/U0/i_synth/i_nd_to_rdy/ce_internal_core                                                              | uut4/uut4/U0/i_synth/ADDSUB_OP.ADDSUB/DSP.OP/DSP48E1_BODY.ALIGN_ADD/DSP2/i_no_versal_es1_workaround.DSP_1                                                       |                4 |             15 |         3.75 |
|  clock_IBUF_BUFG            | uut4/uut/f1/uut1/U0/i_synth/i_nd_to_rdy/ce_internal_core                                                       | uut4/uut/f1/uut1/U0/i_synth/ADDSUB_OP.ADDSUB/DSP.OP/DSP48E1_BODY.ALIGN_ADD/DSP2/i_no_versal_es1_workaround.DSP_1                                                |                2 |             15 |         7.50 |
|  clock_IBUF_BUFG            | uut4/uut/f3/uut1/U0/i_synth/i_nd_to_rdy/ce_internal_core                                                       | uut4/uut/f3/uut1/U0/i_synth/ADDSUB_OP.ADDSUB/DSP.OP/DSP48E1_BODY.ALIGN_ADD/DSP2/i_no_versal_es1_workaround.DSP_1                                                |                2 |             15 |         7.50 |
|  clock_IBUF_BUFG            | uut4/uut/uut2/U0/i_synth/i_nd_to_rdy/ce_internal_core                                                          | uut4/uut/uut2/U0/i_synth/FMA_OP.OP/addsub/add/ALIGN_BLK/ABS_DELAY/i_pipe/opt_has_pipe.first_q_reg[4]_0                                                          |                2 |             16 |         8.00 |
|  clock_IBUF_BUFG            | uut4/uut/uut5/U0/i_synth/i_nd_to_rdy/ce_internal_core                                                          | uut4/uut/uut5/U0/i_synth/FMA_OP.OP/addsub/add/ALIGN_BLK/ABS_DELAY/i_pipe/opt_has_pipe.first_q_reg[5]_0                                                          |                4 |             16 |         4.00 |
|  clock_IBUF_BUFG            | uut4/uut/uut8/U0/i_synth/i_nd_to_rdy/ce_internal_core                                                          | uut4/uut/uut8/U0/i_synth/FMA_OP.OP/addsub/add/NORM/LZE/ZERO_DET_CC_1/CHAIN_GEN[7].CARRYS_DEL.NEED_DEL.CARRYS_FD_1                                               |                4 |             16 |         4.00 |
|  clock_IBUF_BUFG            | uut4/uut/uut8/U0/i_synth/i_nd_to_rdy/ce_internal_core                                                          | uut4/uut/uut8/U0/i_synth/FMA_OP.OP/addsub/add/ALIGN_BLK/ABS_DELAY/i_pipe/opt_has_pipe.first_q_reg[5]_0                                                          |                4 |             16 |         4.00 |
|  clock_IBUF_BUFG            | uut4/uut/uut2/U0/i_synth/i_nd_to_rdy/ce_internal_core                                                          | uut4/uut/uut2/U0/i_synth/FMA_OP.OP/addsub/add/NORM/LZE/ZERO_DET_CC_1/CHAIN_GEN[7].CARRYS_DEL.NEED_DEL.CARRYS_FD_0                                               |                5 |             16 |         3.20 |
|  clock_IBUF_BUFG            | uut4/uut/uut5/U0/i_synth/i_nd_to_rdy/ce_internal_core                                                          | uut4/uut/uut5/U0/i_synth/FMA_OP.OP/addsub/add/NORM/LZE/ZERO_DET_CC_1/CHAIN_GEN[7].CARRYS_DEL.NEED_DEL.CARRYS_FD_1                                               |                4 |             16 |         4.00 |
|  clock_IBUF_BUFG            | uut4/uut6/U0/i_synth/i_nd_to_rdy/ce_internal_core                                                              | uut4/uut6/U0/i_synth/FMA_OP.OP/addsub/add/ALIGN_BLK/ABS_DELAY/i_pipe/opt_has_pipe.first_q_reg[4]_0                                                              |                3 |             16 |         5.33 |
|  clock_IBUF_BUFG            | uut4/uut/uut8/U0/i_synth/i_nd_to_rdy/ce_internal_core                                                          | uut4/uut/uut8/U0/i_synth/FMA_OP.OP/addsub/add/ALIGN_BLK/ABS_DELAY/i_pipe/opt_has_pipe.first_q_reg[4]_0                                                          |                2 |             16 |         8.00 |
|  clock_IBUF_BUFG            | uut4/uut/uut2/U0/i_synth/i_nd_to_rdy/ce_internal_core                                                          | uut4/uut/uut2/U0/i_synth/FMA_OP.OP/addsub/add/ALIGN_BLK/ABS_DELAY/i_pipe/opt_has_pipe.first_q_reg[5]_0                                                          |                4 |             16 |         4.00 |
|  clock_IBUF_BUFG            | uut4/uut/uut2/U0/i_synth/i_nd_to_rdy/ce_internal_core                                                          | uut4/uut/uut2/U0/i_synth/FMA_OP.OP/addsub/add/NORM/LZE/ZERO_DET_CC_1/CHAIN_GEN[7].CARRYS_DEL.NEED_DEL.CARRYS_FD_1                                               |                4 |             16 |         4.00 |
|  clock_IBUF_BUFG            | uut4/uut7/U0/i_synth/i_nd_to_rdy/opt_has_pipe.i_pipe[11].pipe_reg[11][0]_1                                     | uut4/uut7/U0/i_synth/ADDSUB_OP.ADDSUB/DSP.OP/DSP48E1_BODY.EXP/DEC_STATE_PRE_OP_DELAY/i_pipe/SR[0]                                                               |                5 |             16 |         3.20 |
|  clock_IBUF_BUFG            | uut4/uut6/U0/i_synth/i_nd_to_rdy/ce_internal_core                                                              | uut4/uut6/U0/i_synth/FMA_OP.OP/addsub/add/ALIGN_BLK/ABS_DELAY/i_pipe/opt_has_pipe.first_q_reg[5]_0                                                              |                6 |             16 |         2.67 |
|  clock_IBUF_BUFG            | uut4/uut6/U0/i_synth/i_nd_to_rdy/ce_internal_core                                                              | uut4/uut6/U0/i_synth/FMA_OP.OP/addsub/add/NORM/LZE/ZERO_DET_CC_1/CHAIN_GEN[7].CARRYS_DEL.NEED_DEL.CARRYS_FD_1                                                   |                4 |             16 |         4.00 |
|  clock_IBUF_BUFG            | uut4/uut6/U0/i_synth/i_nd_to_rdy/ce_internal_core                                                              | uut4/uut6/U0/i_synth/FMA_OP.OP/addsub/add/NORM/LZE/ZERO_DET_CC_1/CHAIN_GEN[7].CARRYS_DEL.NEED_DEL.CARRYS_FD_0                                                   |                7 |             16 |         2.29 |
|  clock_IBUF_BUFG            | uut4/uut/uut5/U0/i_synth/i_nd_to_rdy/ce_internal_core                                                          | uut4/uut/uut5/U0/i_synth/FMA_OP.OP/addsub/add/ALIGN_BLK/ABS_DELAY/i_pipe/opt_has_pipe.first_q_reg[4]_0                                                          |                2 |             16 |         8.00 |
|  clock_IBUF_BUFG            | uut4/uut/uut8/U0/i_synth/i_nd_to_rdy/ce_internal_core                                                          | uut4/uut/uut8/U0/i_synth/FMA_OP.OP/addsub/add/NORM/LZE/ZERO_DET_CC_1/CHAIN_GEN[7].CARRYS_DEL.NEED_DEL.CARRYS_FD_0                                               |                5 |             16 |         3.20 |
|  clock_IBUF_BUFG            | uut4/uut/uut5/U0/i_synth/i_nd_to_rdy/ce_internal_core                                                          | uut4/uut/uut5/U0/i_synth/FMA_OP.OP/addsub/add/NORM/LZE/ZERO_DET_CC_1/CHAIN_GEN[7].CARRYS_DEL.NEED_DEL.CARRYS_FD_0                                               |                4 |             16 |         4.00 |
|  uut2//i__n_0               |                                                                                                                |                                                                                                                                                                 |                6 |             16 |         2.67 |
|  clock_IBUF_BUFG            | uut4/uut4/U0/i_synth/i_nd_to_rdy/ce_internal_core                                                              | uut4/uut4/U0/i_synth/ADDSUB_OP.ADDSUB/DSP.OP/DSP48E1_BODY.EXP/DEC_STATE_PRE_OP_DELAY/i_pipe/opt_has_pipe.first_q_reg[5]_0                                       |                4 |             22 |         5.50 |
|  clock_IBUF_BUFG            | uut4/uut/uut8/U0/i_synth/i_nd_to_rdy/ce_internal_core                                                          | uut4/uut/uut8/U0/i_synth/FMA_OP.OP/addsub/add/EXP/conv_exp.downsize_exp/FLOW_REQ.EXP_NE.FLOW_DELAY/i_pipe/opt_has_pipe.first_q_reg[0]_0                         |                4 |             22 |         5.50 |
|  clock_IBUF_BUFG            | uut4/uut/f1/uut1/U0/i_synth/i_nd_to_rdy/ce_internal_core                                                       | uut4/uut/f1/uut1/U0/i_synth/ADDSUB_OP.ADDSUB/DSP.OP/DSP48E1_BODY.EXP/DEC_STATE_PRE_OP_DELAY/i_pipe/opt_has_pipe.first_q_reg[5]_0                                |                4 |             22 |         5.50 |
|  clock_IBUF_BUFG            | uut4/uut/uut1/U0/i_synth/i_nd_to_rdy/ce_internal_core                                                          | uut4/uut/uut1/U0/i_synth/ADDSUB_OP.ADDSUB/DSP.OP/DSP48E1_BODY.EXP/DEC_STATE_PRE_OP_DELAY/i_pipe/opt_has_pipe.first_q_reg[5]_0                                   |                4 |             22 |         5.50 |
|  clock_IBUF_BUFG            | uut4/uut5/U0/i_synth/i_nd_to_rdy/ce_internal_core                                                              | uut4/uut5/U0/i_synth/ADDSUB_OP.ADDSUB/DSP.OP/DSP48E1_BODY.EXP/DEC_STATE_PRE_OP_DELAY/i_pipe/opt_has_pipe.first_q_reg[5]_0                                       |                3 |             22 |         7.33 |
|  clock_IBUF_BUFG            | uut4/uut/f4/uut1/U0/i_synth/i_nd_to_rdy/ce_internal_core                                                       | uut4/uut/f4/uut1/U0/i_synth/ADDSUB_OP.ADDSUB/DSP.OP/DSP48E1_BODY.EXP/DEC_STATE_PRE_OP_DELAY/i_pipe/opt_has_pipe.first_q_reg[5]_0                                |                4 |             22 |         5.50 |
|  clock_IBUF_BUFG            | uut4/uut/f2/uut1/U0/i_synth/i_nd_to_rdy/ce_internal_core                                                       | uut4/uut/f2/uut1/U0/i_synth/ADDSUB_OP.ADDSUB/DSP.OP/DSP48E1_BODY.EXP/DEC_STATE_PRE_OP_DELAY/i_pipe/opt_has_pipe.first_q_reg[5]_0                                |                4 |             22 |         5.50 |
|  clock_IBUF_BUFG            | uut4/uut/uut2/U0/i_synth/i_nd_to_rdy/ce_internal_core                                                          | uut4/uut/uut2/U0/i_synth/FMA_OP.OP/addsub/add/EXP/conv_exp.downsize_exp/FLOW_REQ.EXP_NE.FLOW_DELAY/i_pipe/opt_has_pipe.first_q_reg[0]_0                         |                6 |             22 |         3.67 |
|  clock_IBUF_BUFG            | uut4/uut3/U0/i_synth/i_nd_to_rdy/ce_internal_core                                                              | uut4/uut3/U0/i_synth/ADDSUB_OP.ADDSUB/DSP.OP/DSP48E1_BODY.EXP/DEC_STATE_PRE_OP_DELAY/i_pipe/opt_has_pipe.first_q_reg[5]_0                                       |                3 |             22 |         7.33 |
|  clock_IBUF_BUFG            | uut4/uut/uut7/U0/i_synth/i_nd_to_rdy/ce_internal_core                                                          | uut4/uut/uut7/U0/i_synth/ADDSUB_OP.ADDSUB/DSP.OP/DSP48E1_BODY.EXP/DEC_STATE_PRE_OP_DELAY/i_pipe/opt_has_pipe.first_q_reg[5]_0                                   |                5 |             22 |         4.40 |
|  clock_IBUF_BUFG            | uut4/uut/f3/uut/U0/i_synth/i_nd_to_rdy/ce_internal_core                                                        | uut4/uut/f3/uut/U0/i_synth/ADDSUB_OP.ADDSUB/DSP.OP/DSP48E1_BODY.EXP/DEC_STATE_PRE_OP_DELAY/i_pipe/opt_has_pipe.first_q_reg[5]_0                                 |                7 |             22 |         3.14 |
|  clock_IBUF_BUFG            | uut4/uut/f4/uut/U0/i_synth/i_nd_to_rdy/ce_internal_core                                                        | uut4/uut/f4/uut/U0/i_synth/ADDSUB_OP.ADDSUB/DSP.OP/DSP48E1_BODY.EXP/DEC_STATE_PRE_OP_DELAY/i_pipe/opt_has_pipe.first_q_reg[5]_0                                 |                5 |             22 |         4.40 |
|  clock_IBUF_BUFG            | uut4/uut/f3/uut1/U0/i_synth/i_nd_to_rdy/ce_internal_core                                                       | uut4/uut/f3/uut1/U0/i_synth/ADDSUB_OP.ADDSUB/DSP.OP/DSP48E1_BODY.EXP/DEC_STATE_PRE_OP_DELAY/i_pipe/opt_has_pipe.first_q_reg[5]_0                                |                5 |             22 |         4.40 |
|  clock_IBUF_BUFG            | uut4/uut/uut5/U0/i_synth/i_nd_to_rdy/ce_internal_core                                                          | uut4/uut/uut5/U0/i_synth/FMA_OP.OP/addsub/add/EXP/conv_exp.downsize_exp/FLOW_REQ.EXP_NE.FLOW_DELAY/i_pipe/opt_has_pipe.first_q_reg[0]_0                         |                4 |             22 |         5.50 |
|  clock_IBUF_BUFG            | uut4/uut/f1/uut/U0/i_synth/i_nd_to_rdy/ce_internal_core                                                        | uut4/uut/f1/uut/U0/i_synth/ADDSUB_OP.ADDSUB/DSP.OP/DSP48E1_BODY.EXP/DEC_STATE_PRE_OP_DELAY/i_pipe/opt_has_pipe.first_q_reg[5]_0                                 |                4 |             22 |         5.50 |
|  clock_IBUF_BUFG            | uut4/uut/f2/uut/U0/i_synth/i_nd_to_rdy/ce_internal_core                                                        | uut4/uut/f2/uut/U0/i_synth/ADDSUB_OP.ADDSUB/DSP.OP/DSP48E1_BODY.EXP/DEC_STATE_PRE_OP_DELAY/i_pipe/opt_has_pipe.first_q_reg[5]_0                                 |                4 |             22 |         5.50 |
|  clock_IBUF_BUFG            | uut3/write_en_reg_0                                                                                            |                                                                                                                                                                 |                6 |             23 |         3.83 |
|  clock_IBUF_BUFG            | uut3/mem[0][30]_i_6_0                                                                                          |                                                                                                                                                                 |                7 |             23 |         3.29 |
|  clock_IBUF_BUFG            | uut4/uut/uut5/U0/i_synth/need_combiner.use_3to1_fma.skid_buffer_combiner/gen_has_z_tready.reg1_c_ready_reg_n_0 |                                                                                                                                                                 |                6 |             32 |         5.33 |
|  clock_IBUF_BUFG            | uut4/uut/uut5/U0/i_synth/need_combiner.use_3to1_fma.skid_buffer_combiner/gen_has_z_tready.reg1_b_ready_reg_n_0 |                                                                                                                                                                 |                5 |             32 |         6.40 |
|  clock_IBUF_BUFG            | uut4/uut/uut5/U0/i_synth/need_combiner.use_3to1_fma.skid_buffer_combiner/p_10_in                               |                                                                                                                                                                 |                4 |             32 |         8.00 |
|  clock_IBUF_BUFG            | uut4/uut5/U0/i_synth/need_combiner.use_2to1.skid_buffer_combiner/reg1_a_wr                                     |                                                                                                                                                                 |                5 |             32 |         6.40 |
|  clock_IBUF_BUFG            | uut4/uut/uut5/U0/i_synth/need_combiner.use_3to1_fma.skid_buffer_combiner/p_7_in                                |                                                                                                                                                                 |                5 |             32 |         6.40 |
|  clock_IBUF_BUFG            | uut4/uut/uut8/U0/i_synth/need_combiner.use_3to1_fma.skid_buffer_combiner/gen_has_z_tready.reg1_b_ready_reg_n_0 |                                                                                                                                                                 |                5 |             32 |         6.40 |
|  clock_IBUF_BUFG            | uut4/uut/uut8/U0/i_synth/need_combiner.use_3to1_fma.skid_buffer_combiner/gen_has_z_tready.reg1_c_ready_reg_n_0 |                                                                                                                                                                 |                5 |             32 |         6.40 |
|  clock_IBUF_BUFG            | uut4/uut/uut8/U0/i_synth/need_combiner.use_3to1_fma.skid_buffer_combiner/p_7_in                                |                                                                                                                                                                 |                5 |             32 |         6.40 |
|  clock_IBUF_BUFG            | uut4/uut/uut8/U0/i_synth/need_combiner.use_3to1_fma.skid_buffer_combiner/p_10_in                               |                                                                                                                                                                 |                6 |             32 |         5.33 |
|  clock_IBUF_BUFG            | uut4/uut7/U0/i_synth/need_combiner.use_2to1.skid_buffer_combiner/p_12_in                                       |                                                                                                                                                                 |                5 |             32 |         6.40 |
|  clock_IBUF_BUFG            | uut4/uut7/U0/i_synth/need_combiner.use_2to1.skid_buffer_combiner/reg1_a_wr                                     |                                                                                                                                                                 |                5 |             32 |         6.40 |
|  clock_IBUF_BUFG            | uut4/uut/f4/uut/U0/i_synth/need_combiner.use_2to1.skid_buffer_combiner/p_4_in                                  |                                                                                                                                                                 |                5 |             32 |         6.40 |
|  clock_IBUF_BUFG            | uut4/uut/f4/uut/U0/i_synth/need_combiner.use_2to1.skid_buffer_combiner/p_12_in                                 |                                                                                                                                                                 |                5 |             32 |         6.40 |
|  clock_IBUF_BUFG            | uut4/uut/f4/uut/U0/i_synth/need_combiner.use_2to1.skid_buffer_combiner/reg1_a_wr                               |                                                                                                                                                                 |                5 |             32 |         6.40 |
|  clock_IBUF_BUFG            | uut4/uut/f4/uut/U0/i_synth/need_combiner.use_2to1.skid_buffer_combiner/reg1_b_wr                               |                                                                                                                                                                 |                7 |             32 |         4.57 |
|  clock_IBUF_BUFG            | uut4/uut6/U0/i_synth/need_combiner.use_3to1_fma.skid_buffer_combiner/gen_has_z_tready.reg1_b_ready_reg_n_0     |                                                                                                                                                                 |                4 |             32 |         8.00 |
|  clock_IBUF_BUFG            | uut4/uut6/U0/i_synth/need_combiner.use_3to1_fma.skid_buffer_combiner/gen_has_z_tready.reg1_c_ready_reg_n_0     |                                                                                                                                                                 |                5 |             32 |         6.40 |
|  clock_IBUF_BUFG            | uut4/uut6/U0/i_synth/need_combiner.use_3to1_fma.skid_buffer_combiner/p_10_in                                   |                                                                                                                                                                 |                4 |             32 |         8.00 |
|  clock_IBUF_BUFG            | uut4/uut/f4/uut2/U0/i_synth/need_combiner.use_2to1.skid_buffer_combiner/reg1_b_wr                              |                                                                                                                                                                 |                4 |             32 |         8.00 |
|  clock_IBUF_BUFG            | uut4/uut/f4/uut2/U0/i_synth/need_combiner.use_2to1.skid_buffer_combiner/p_12_in                                |                                                                                                                                                                 |                5 |             32 |         6.40 |
|  clock_IBUF_BUFG            | uut4/uut/f4/uut2/U0/i_synth/need_combiner.use_2to1.skid_buffer_combiner/p_4_in                                 |                                                                                                                                                                 |                4 |             32 |         8.00 |
|  clock_IBUF_BUFG            | uut4/uut/f4/uut2/U0/i_synth/need_combiner.use_2to1.skid_buffer_combiner/reg1_a_wr                              |                                                                                                                                                                 |                5 |             32 |         6.40 |
|  clock_IBUF_BUFG            | uut4/uut/f4/uut1/U0/i_synth/need_combiner.use_2to1.skid_buffer_combiner/p_4_in                                 |                                                                                                                                                                 |                5 |             32 |         6.40 |
|  clock_IBUF_BUFG            | uut4/uut/f4/uut1/U0/i_synth/need_combiner.use_2to1.skid_buffer_combiner/reg1_a_wr                              |                                                                                                                                                                 |                4 |             32 |         8.00 |
|  clock_IBUF_BUFG            | uut4/uut/f4/uut1/U0/i_synth/need_combiner.use_2to1.skid_buffer_combiner/reg1_b_wr                              |                                                                                                                                                                 |                5 |             32 |         6.40 |
|  clock_IBUF_BUFG            | uut4/uut/f4/uut1/U0/i_synth/need_combiner.use_2to1.skid_buffer_combiner/p_12_in                                |                                                                                                                                                                 |                5 |             32 |         6.40 |
|  clock_IBUF_BUFG            | uut4/uut/f1/uut/U0/i_synth/need_combiner.use_2to1.skid_buffer_combiner/p_12_in                                 |                                                                                                                                                                 |                5 |             32 |         6.40 |
|  clock_IBUF_BUFG            | uut4/uut/f1/uut/U0/i_synth/need_combiner.use_2to1.skid_buffer_combiner/reg1_a_wr                               |                                                                                                                                                                 |                5 |             32 |         6.40 |
|  clock_IBUF_BUFG            | uut4/uut/f1/uut/U0/i_synth/need_combiner.use_2to1.skid_buffer_combiner/reg1_b_wr                               |                                                                                                                                                                 |                4 |             32 |         8.00 |
|  clock_IBUF_BUFG            | uut4/uut/f1/uut/U0/i_synth/need_combiner.use_2to1.skid_buffer_combiner/p_4_in                                  |                                                                                                                                                                 |                4 |             32 |         8.00 |
|  clock_IBUF_BUFG            | uut4/uut6/U0/i_synth/need_combiner.use_3to1_fma.skid_buffer_combiner/p_7_in                                    |                                                                                                                                                                 |                5 |             32 |         6.40 |
|  clock_IBUF_BUFG            | uut4/uut5/U0/i_synth/need_combiner.use_2to1.skid_buffer_combiner/p_12_in                                       |                                                                                                                                                                 |                5 |             32 |         6.40 |
|  clock_IBUF_BUFG            | uut4/uut5/U0/i_synth/need_combiner.use_2to1.skid_buffer_combiner/reg1_b_wr                                     |                                                                                                                                                                 |                5 |             32 |         6.40 |
|  clock_IBUF_BUFG            | uut4/uut5/U0/i_synth/need_combiner.use_2to1.skid_buffer_combiner/p_4_in                                        |                                                                                                                                                                 |                5 |             32 |         6.40 |
|  clock_IBUF_BUFG            | uut4/uut3/U0/i_synth/need_combiner.use_2to1.skid_buffer_combiner/p_12_in                                       |                                                                                                                                                                 |                6 |             32 |         5.33 |
|  clock_IBUF_BUFG            | uut4/uut3/U0/i_synth/need_combiner.use_2to1.skid_buffer_combiner/p_4_in                                        |                                                                                                                                                                 |                4 |             32 |         8.00 |
|  clock_IBUF_BUFG            | uut4/uut/f1/uut2/U0/i_synth/need_combiner.use_2to1.skid_buffer_combiner/p_12_in                                |                                                                                                                                                                 |                5 |             32 |         6.40 |
|  clock_IBUF_BUFG            | uut4/uut3/U0/i_synth/need_combiner.use_2to1.skid_buffer_combiner/reg1_a_wr                                     |                                                                                                                                                                 |                5 |             32 |         6.40 |
|  clock_IBUF_BUFG            | uut4/uut/f1/uut2/U0/i_synth/need_combiner.use_2to1.skid_buffer_combiner/reg1_a_wr                              |                                                                                                                                                                 |                6 |             32 |         5.33 |
|  clock_IBUF_BUFG            | uut4/uut/f1/uut2/U0/i_synth/need_combiner.use_2to1.skid_buffer_combiner/reg1_b_wr                              |                                                                                                                                                                 |                5 |             32 |         6.40 |
|  clock_IBUF_BUFG            | uut4/uut/f1/uut1/U0/i_synth/need_combiner.use_2to1.skid_buffer_combiner/p_12_in                                |                                                                                                                                                                 |                6 |             32 |         5.33 |
|  clock_IBUF_BUFG            | uut4/uut/f1/uut1/U0/i_synth/need_combiner.use_2to1.skid_buffer_combiner/p_4_in                                 |                                                                                                                                                                 |                5 |             32 |         6.40 |
|  clock_IBUF_BUFG            | uut4/uut/f1/uut1/U0/i_synth/need_combiner.use_2to1.skid_buffer_combiner/reg1_a_wr                              |                                                                                                                                                                 |                8 |             32 |         4.00 |
|  clock_IBUF_BUFG            | uut4/uut/f1/uut1/U0/i_synth/need_combiner.use_2to1.skid_buffer_combiner/reg1_b_wr                              |                                                                                                                                                                 |                5 |             32 |         6.40 |
|  clock_IBUF_BUFG            | uut4/uut3/U0/i_synth/need_combiner.use_2to1.skid_buffer_combiner/reg1_b_wr                                     |                                                                                                                                                                 |                4 |             32 |         8.00 |
|  clock_IBUF_BUFG            | uut4/uut4/U0/i_synth/need_combiner.use_2to1.skid_buffer_combiner/p_4_in                                        |                                                                                                                                                                 |                5 |             32 |         6.40 |
|  clock_IBUF_BUFG            | uut4/uut4/U0/i_synth/need_combiner.use_2to1.skid_buffer_combiner/p_12_in                                       |                                                                                                                                                                 |                4 |             32 |         8.00 |
|  clock_IBUF_BUFG            | uut4/uut/f2/uut/U0/i_synth/need_combiner.use_2to1.skid_buffer_combiner/p_4_in                                  |                                                                                                                                                                 |                5 |             32 |         6.40 |
|  clock_IBUF_BUFG            | uut4/uut/f2/uut/U0/i_synth/need_combiner.use_2to1.skid_buffer_combiner/reg1_b_wr                               |                                                                                                                                                                 |                7 |             32 |         4.57 |
|  clock_IBUF_BUFG            | uut4/uut/f2/uut/U0/i_synth/need_combiner.use_2to1.skid_buffer_combiner/reg1_a_wr                               |                                                                                                                                                                 |                6 |             32 |         5.33 |
|  clock_IBUF_BUFG            | uut4/uut/f2/uut/U0/i_synth/need_combiner.use_2to1.skid_buffer_combiner/p_12_in                                 |                                                                                                                                                                 |                5 |             32 |         6.40 |
|  clock_IBUF_BUFG            | uut4/uut4/U0/i_synth/need_combiner.use_2to1.skid_buffer_combiner/reg1_b_wr                                     |                                                                                                                                                                 |                6 |             32 |         5.33 |
|  clock_IBUF_BUFG            | uut4/uut4/U0/i_synth/need_combiner.use_2to1.skid_buffer_combiner/reg1_a_wr                                     |                                                                                                                                                                 |                4 |             32 |         8.00 |
|  clock_IBUF_BUFG            | uut4/uut2/U0/i_synth/need_combiner.use_2to1.skid_buffer_combiner/p_4_in                                        |                                                                                                                                                                 |                5 |             32 |         6.40 |
|  clock_IBUF_BUFG            | uut4/uut/f2/uut2/U0/i_synth/need_combiner.use_2to1.skid_buffer_combiner/p_12_in                                |                                                                                                                                                                 |                4 |             32 |         8.00 |
|  clock_IBUF_BUFG            | uut4/uut/f2/uut2/U0/i_synth/need_combiner.use_2to1.skid_buffer_combiner/p_4_in                                 |                                                                                                                                                                 |                4 |             32 |         8.00 |
|  clock_IBUF_BUFG            | uut4/uut/f2/uut2/U0/i_synth/need_combiner.use_2to1.skid_buffer_combiner/reg1_b_wr                              |                                                                                                                                                                 |                4 |             32 |         8.00 |
|  clock_IBUF_BUFG            | uut4/uut/f2/uut2/U0/i_synth/need_combiner.use_2to1.skid_buffer_combiner/reg1_a_wr                              |                                                                                                                                                                 |                4 |             32 |         8.00 |
|  clock_IBUF_BUFG            | uut4/uut/f3/uut/U0/i_synth/need_combiner.use_2to1.skid_buffer_combiner/p_12_in                                 |                                                                                                                                                                 |                4 |             32 |         8.00 |
|  clock_IBUF_BUFG            | uut4/uut/f3/uut/U0/i_synth/need_combiner.use_2to1.skid_buffer_combiner/p_4_in                                  |                                                                                                                                                                 |                6 |             32 |         5.33 |
|  clock_IBUF_BUFG            | uut4/uut/f2/uut1/U0/i_synth/need_combiner.use_2to1.skid_buffer_combiner/p_4_in                                 |                                                                                                                                                                 |                6 |             32 |         5.33 |
|  clock_IBUF_BUFG            | uut4/uut/f1/uut2/U0/i_synth/need_combiner.use_2to1.skid_buffer_combiner/p_4_in                                 |                                                                                                                                                                 |                5 |             32 |         6.40 |
|  clock_IBUF_BUFG            | uut4/uut/f2/uut1/U0/i_synth/need_combiner.use_2to1.skid_buffer_combiner/reg1_b_wr                              |                                                                                                                                                                 |                6 |             32 |         5.33 |
|  clock_IBUF_BUFG            | uut4/uut/f2/uut1/U0/i_synth/need_combiner.use_2to1.skid_buffer_combiner/reg1_a_wr                              |                                                                                                                                                                 |                5 |             32 |         6.40 |
|  clock_IBUF_BUFG            | uut4/uut2/U0/i_synth/need_combiner.use_2to1.skid_buffer_combiner/reg1_b_wr                                     |                                                                                                                                                                 |                5 |             32 |         6.40 |
|  clock_IBUF_BUFG            | uut4/uut1/U0/i_synth/need_combiner.use_2to1.skid_buffer_combiner/p_4_in                                        |                                                                                                                                                                 |                6 |             32 |         5.33 |
|  clock_IBUF_BUFG            | uut4/uut1/U0/i_synth/need_combiner.use_2to1.skid_buffer_combiner/reg1_b_wr                                     |                                                                                                                                                                 |                6 |             32 |         5.33 |
|  clock_IBUF_BUFG            | uut4/uut/f3/uut/U0/i_synth/need_combiner.use_2to1.skid_buffer_combiner/reg1_b_wr                               |                                                                                                                                                                 |                4 |             32 |         8.00 |
|  clock_IBUF_BUFG            | uut4/uut/f3/uut/U0/i_synth/need_combiner.use_2to1.skid_buffer_combiner/reg1_a_wr                               |                                                                                                                                                                 |                5 |             32 |         6.40 |
|  clock_IBUF_BUFG            | uut4/uut/uut1/U0/i_synth/need_combiner.use_2to1.skid_buffer_combiner/reg1_a_wr                                 |                                                                                                                                                                 |                8 |             32 |         4.00 |
|  clock_IBUF_BUFG            | uut4/uut/uut1/U0/i_synth/need_combiner.use_2to1.skid_buffer_combiner/p_12_in                                   |                                                                                                                                                                 |                7 |             32 |         4.57 |
|  clock_IBUF_BUFG            | uut4/uut/uut7/U0/i_synth/need_combiner.use_2to1.skid_buffer_combiner/p_12_in                                   |                                                                                                                                                                 |                5 |             32 |         6.40 |
|  clock_IBUF_BUFG            | uut4/uut/f3/uut2/U0/i_synth/need_combiner.use_2to1.skid_buffer_combiner/p_12_in                                |                                                                                                                                                                 |                5 |             32 |         6.40 |
|  clock_IBUF_BUFG            | uut4/uut/f3/uut2/U0/i_synth/need_combiner.use_2to1.skid_buffer_combiner/p_4_in                                 |                                                                                                                                                                 |                6 |             32 |         5.33 |
|  clock_IBUF_BUFG            | uut4/uut/f3/uut2/U0/i_synth/need_combiner.use_2to1.skid_buffer_combiner/reg1_b_wr                              |                                                                                                                                                                 |                6 |             32 |         5.33 |
|  clock_IBUF_BUFG            | uut4/uut/f3/uut2/U0/i_synth/need_combiner.use_2to1.skid_buffer_combiner/reg1_a_wr                              |                                                                                                                                                                 |                5 |             32 |         6.40 |
|  clock_IBUF_BUFG            | uut4/uut/f3/uut1/U0/i_synth/need_combiner.use_2to1.skid_buffer_combiner/reg1_b_wr                              |                                                                                                                                                                 |                5 |             32 |         6.40 |
|  clock_IBUF_BUFG            | uut4/uut/f3/uut1/U0/i_synth/need_combiner.use_2to1.skid_buffer_combiner/p_12_in                                |                                                                                                                                                                 |                6 |             32 |         5.33 |
|  clock_IBUF_BUFG            | uut4/uut/f3/uut1/U0/i_synth/need_combiner.use_2to1.skid_buffer_combiner/reg1_a_wr                              |                                                                                                                                                                 |                5 |             32 |         6.40 |
|  clock_IBUF_BUFG            | uut4/uut/f3/uut1/U0/i_synth/need_combiner.use_2to1.skid_buffer_combiner/p_4_in                                 |                                                                                                                                                                 |                6 |             32 |         5.33 |
|  clock_IBUF_BUFG            | uut4/uut/uut7/U0/i_synth/need_combiner.use_2to1.skid_buffer_combiner/reg1_a_wr                                 |                                                                                                                                                                 |                5 |             32 |         6.40 |
|  clock_IBUF_BUFG            | uut4/uut/uut2/U0/i_synth/need_combiner.use_3to1_fma.skid_buffer_combiner/gen_has_z_tready.reg1_b_ready_reg_n_0 |                                                                                                                                                                 |                6 |             32 |         5.33 |
|  clock_IBUF_BUFG            | uut4/uut/uut2/U0/i_synth/need_combiner.use_3to1_fma.skid_buffer_combiner/gen_has_z_tready.reg1_c_ready_reg_n_0 |                                                                                                                                                                 |                5 |             32 |         6.40 |
|  clock_IBUF_BUFG            | uut4/uut/uut2/U0/i_synth/need_combiner.use_3to1_fma.skid_buffer_combiner/p_10_in                               |                                                                                                                                                                 |                6 |             32 |         5.33 |
|  clock_IBUF_BUFG            | uut4/uut/uut2/U0/i_synth/need_combiner.use_3to1_fma.skid_buffer_combiner/p_7_in                                |                                                                                                                                                                 |                5 |             32 |         6.40 |
|  clock_IBUF_BUFG            | uut4/uut/f2/uut1/U0/i_synth/need_combiner.use_2to1.skid_buffer_combiner/p_12_in                                |                                                                                                                                                                 |                5 |             32 |         6.40 |
|  clock_IBUF_BUFG            | uut4/uut6/U0/i_synth/i_nd_to_rdy/ce_internal_core                                                              | uut4/uut6/U0/i_synth/FMA_OP.OP/addsub/add/EXP/conv_exp.downsize_exp/FLOW_REQ.EXP_NE.FLOW_DELAY/i_pipe/opt_has_pipe.first_q_reg[0]_0                             |               14 |             44 |         3.14 |
|  clock_IBUF_BUFG            | uut4/uut7/U0/i_synth/i_nd_to_rdy/ce_internal_core                                                              | uut4/uut7/U0/i_synth/ADDSUB_OP.ADDSUB/DSP.OP/DSP48E1_BODY.EXP/DEC_STATE_PRE_OP_DELAY/i_pipe/opt_has_pipe.first_q_reg[5]_0                                       |               12 |             44 |         3.67 |
|  clock_IBUF_BUFG            | uut4/uut/uut5/U0/i_synth/i_nd_to_rdy/ce_internal_core                                                          | uut4/uut/uut5/U0/i_synth/FMA_OP.OP/addsub/add/EXP/A_ZERO_DELAY/i_pipe/opt_has_pipe.first_q_reg[0]_1                                                             |               23 |             47 |         2.04 |
|  clock_IBUF_BUFG            | uut4/uut/uut2/U0/i_synth/i_nd_to_rdy/ce_internal_core                                                          | uut4/uut/uut2/U0/i_synth/FMA_OP.OP/addsub/add/EXP/A_ZERO_DELAY/i_pipe/opt_has_pipe.first_q_reg[0]_1                                                             |               22 |             47 |         2.14 |
|  clock_IBUF_BUFG            | uut4/uut/uut8/U0/i_synth/i_nd_to_rdy/ce_internal_core                                                          | uut4/uut/uut8/U0/i_synth/FMA_OP.OP/addsub/add/EXP/A_ZERO_DELAY/i_pipe/opt_has_pipe.first_q_reg[0]_1                                                             |               24 |             47 |         1.96 |
|  clock_IBUF_BUFG            | uut4/uut6/U0/i_synth/i_nd_to_rdy/ce_internal_core                                                              | uut4/uut6/U0/i_synth/FMA_OP.OP/addsub/add/EXP/A_ZERO_DELAY/i_pipe/opt_has_pipe.first_q_reg[0]_1                                                                 |               22 |             47 |         2.14 |
|  clock_IBUF_BUFG            | uut3/E[0]                                                                                                      |                                                                                                                                                                 |               22 |             96 |         4.36 |
|  clock_IBUF_BUFG            | uut4/uut/f4/uut2/U0/i_synth/i_nd_to_rdy/ce_internal_core                                                       |                                                                                                                                                                 |               54 |            181 |         3.35 |
|  clock_IBUF_BUFG            | uut4/uut/f1/uut2/U0/i_synth/i_nd_to_rdy/ce_internal_core                                                       |                                                                                                                                                                 |               32 |            181 |         5.66 |
|  clock_IBUF_BUFG            | uut4/uut/f3/uut2/U0/i_synth/i_nd_to_rdy/ce_internal_core                                                       |                                                                                                                                                                 |               42 |            181 |         4.31 |
|  clock_IBUF_BUFG            | uut4/uut1/U0/i_synth/i_nd_to_rdy/ce_internal_core                                                              |                                                                                                                                                                 |               37 |            181 |         4.89 |
|  clock_IBUF_BUFG            | uut4/uut2/U0/i_synth/i_nd_to_rdy/ce_internal_core                                                              |                                                                                                                                                                 |               37 |            181 |         4.89 |
|  clock_IBUF_BUFG            | uut4/uut/f2/uut2/U0/i_synth/i_nd_to_rdy/ce_internal_core                                                       |                                                                                                                                                                 |               40 |            181 |         4.53 |
|  clock_IBUF_BUFG            |                                                                                                                |                                                                                                                                                                 |               99 |            208 |         2.10 |
|  clock_IBUF_BUFG            | uut4/uut/uut7/U0/i_synth/i_nd_to_rdy/ce_internal_core                                                          |                                                                                                                                                                 |               53 |            232 |         4.38 |
|  clock_IBUF_BUFG            | uut4/uut/uut1/U0/i_synth/i_nd_to_rdy/ce_internal_core                                                          |                                                                                                                                                                 |               55 |            232 |         4.22 |
|  clock_IBUF_BUFG            | uut4/uut7/U0/i_synth/i_nd_to_rdy/ce_internal_core                                                              |                                                                                                                                                                 |               56 |            233 |         4.16 |
|  clock_IBUF_BUFG            | uut4/uut/f4/uut/U0/i_synth/i_nd_to_rdy/ce_internal_core                                                        |                                                                                                                                                                 |               63 |            276 |         4.38 |
|  clock_IBUF_BUFG            | uut4/uut/f2/uut1/U0/i_synth/i_nd_to_rdy/ce_internal_core                                                       |                                                                                                                                                                 |               53 |            276 |         5.21 |
|  clock_IBUF_BUFG            | uut4/uut/f1/uut1/U0/i_synth/i_nd_to_rdy/ce_internal_core                                                       |                                                                                                                                                                 |               59 |            276 |         4.68 |
|  clock_IBUF_BUFG            | uut4/uut/f3/uut/U0/i_synth/i_nd_to_rdy/ce_internal_core                                                        |                                                                                                                                                                 |               66 |            276 |         4.18 |
|  clock_IBUF_BUFG            | uut4/uut3/U0/i_synth/i_nd_to_rdy/ce_internal_core                                                              |                                                                                                                                                                 |               61 |            276 |         4.52 |
|  clock_IBUF_BUFG            | uut4/uut4/U0/i_synth/i_nd_to_rdy/ce_internal_core                                                              |                                                                                                                                                                 |               57 |            276 |         4.84 |
|  clock_IBUF_BUFG            | uut4/uut5/U0/i_synth/i_nd_to_rdy/ce_internal_core                                                              |                                                                                                                                                                 |               57 |            276 |         4.84 |
|  clock_IBUF_BUFG            | uut4/uut/f2/uut/U0/i_synth/i_nd_to_rdy/ce_internal_core                                                        |                                                                                                                                                                 |               61 |            276 |         4.52 |
|  clock_IBUF_BUFG            | uut4/uut/f4/uut1/U0/i_synth/i_nd_to_rdy/ce_internal_core                                                       |                                                                                                                                                                 |               62 |            276 |         4.45 |
|  clock_IBUF_BUFG            | uut4/uut/f3/uut1/U0/i_synth/i_nd_to_rdy/ce_internal_core                                                       |                                                                                                                                                                 |               63 |            276 |         4.38 |
|  clock_IBUF_BUFG            | uut4/uut/f1/uut/U0/i_synth/i_nd_to_rdy/ce_internal_core                                                        |                                                                                                                                                                 |               62 |            276 |         4.45 |
|  clock_IBUF_BUFG            | uut4/uut/uut5/U0/i_synth/i_nd_to_rdy/ce_internal_core                                                          |                                                                                                                                                                 |              193 |            995 |         5.16 |
|  clock_IBUF_BUFG            | uut4/uut/uut2/U0/i_synth/i_nd_to_rdy/ce_internal_core                                                          |                                                                                                                                                                 |              193 |            995 |         5.16 |
|  clock_IBUF_BUFG            | uut4/uut/uut8/U0/i_synth/i_nd_to_rdy/ce_internal_core                                                          |                                                                                                                                                                 |              208 |            995 |         4.78 |
|  clock_IBUF_BUFG            | uut4/uut6/U0/i_synth/i_nd_to_rdy/ce_internal_core                                                              |                                                                                                                                                                 |              185 |           1004 |         5.43 |
+-----------------------------+----------------------------------------------------------------------------------------------------------------+-----------------------------------------------------------------------------------------------------------------------------------------------------------------+------------------+----------------+--------------+


