Copyright 1986-2022 Xilinx, Inc. All Rights Reserved. Copyright 2022-2025 Advanced Micro Devices, Inc. All Rights Reserved.
-------------------------------------------------------------------------------------------------------------------------------------------------
| Tool Version     : Vivado v.2025.2 (win64) Build 6299465 Fri Nov 14 19:35:11 GMT 2025
| Date             : Mon Mar 30 23:07:28 2026
| Host             : DANIEL-PC running 64-bit major release  (build 9200)
| Command          : report_power -file Top_power_routed.rpt -pb Top_power_summary_routed.pb -rpx Top_power_routed.rpx
| Design           : Top
| Device           : xc7a200tfbg484-3
| Design State     : routed
| Grade            : extended
| Process          : typical
| Characterization : Production
-------------------------------------------------------------------------------------------------------------------------------------------------

Power Report

Table of Contents
-----------------
1. Summary
1.1 On-Chip Components
1.2 Power Supply Summary
1.3 Confidence Level
2. Settings
2.1 Environment
2.2 Clock Constraints
3. Detailed Reports
3.1 By Hierarchy

1. Summary
----------

+--------------------------+--------------+
| Total On-Chip Power (W)  | 1.094        |
| Design Power Budget (W)  | Unspecified* |
| Power Budget Margin (W)  | NA           |
| Dynamic (W)              | 0.960        |
| Device Static (W)        | 0.134        |
| Effective TJA (C/W)      | 2.5          |
| Max Ambient (C)          | 97.3         |
| Junction Temperature (C) | 27.7         |
| Confidence Level         | Low          |
| Setting File             | ---          |
| Simulation Activity File | ---          |
| Design Nets Matched      | NA           |
+--------------------------+--------------+
* Specify Design Power Budget using, set_operating_conditions -design_power_budget <value in Watts>


1.1 On-Chip Components
----------------------

+-------------------------+-----------+----------+-----------+-----------------+
| On-Chip                 | Power (W) | Used     | Available | Utilization (%) |
+-------------------------+-----------+----------+-----------+-----------------+
| Clocks                  |     0.161 |        3 |       --- |             --- |
| Slice Logic             |     0.306 |    91101 |       --- |             --- |
|   LUT as Logic          |     0.252 |    23526 |    133800 |           17.58 |
|   Register              |     0.032 |    43842 |    267600 |           16.38 |
|   LUT as Shift Register |     0.013 |     1402 |     46200 |            3.03 |
|   CARRY4                |     0.008 |     2418 |     33450 |            7.23 |
|   F7/F8 Muxes           |    <0.001 |      290 |    133800 |            0.22 |
|   Others                |     0.000 |    11867 |       --- |             --- |
| Signals                 |     0.349 |    57215 |       --- |             --- |
| DSPs                    |     0.081 |      112 |       740 |           15.14 |
| I/O                     |     0.063 |      170 |       285 |           59.65 |
| Static Power            |     0.134 |          |           |                 |
| Total                   |     1.094 |          |           |                 |
+-------------------------+-----------+----------+-----------+-----------------+


1.2 Power Supply Summary
------------------------

+-----------+-------------+-----------+-------------+------------+-------------+-------------+------------+
| Source    | Voltage (V) | Total (A) | Dynamic (A) | Static (A) | Powerup (A) | Budget (A)  | Margin (A) |
+-----------+-------------+-----------+-------------+------------+-------------+-------------+------------+
| Vccint    |       1.000 |     0.930 |       0.897 |      0.033 |       NA    | Unspecified | NA         |
| Vccaux    |       1.800 |     0.036 |       0.005 |      0.031 |       NA    | Unspecified | NA         |
| Vcco33    |       3.300 |     0.000 |       0.000 |      0.000 |       NA    | Unspecified | NA         |
| Vcco25    |       2.500 |     0.000 |       0.000 |      0.000 |       NA    | Unspecified | NA         |
| Vcco18    |       1.800 |     0.035 |       0.030 |      0.005 |       NA    | Unspecified | NA         |
| Vcco15    |       1.500 |     0.000 |       0.000 |      0.000 |       NA    | Unspecified | NA         |
| Vcco135   |       1.350 |     0.000 |       0.000 |      0.000 |       NA    | Unspecified | NA         |
| Vcco12    |       1.200 |     0.000 |       0.000 |      0.000 |       NA    | Unspecified | NA         |
| Vccaux_io |       1.800 |     0.000 |       0.000 |      0.000 |       NA    | Unspecified | NA         |
| Vccbram   |       1.000 |     0.001 |       0.000 |      0.001 |       NA    | Unspecified | NA         |
| MGTAVcc   |       1.000 |     0.000 |       0.000 |      0.000 |       NA    | Unspecified | NA         |
| MGTAVtt   |       1.200 |     0.000 |       0.000 |      0.000 |       NA    | Unspecified | NA         |
| Vccadc    |       1.800 |     0.020 |       0.000 |      0.020 |       NA    | Unspecified | NA         |
+-----------+-------------+-----------+-------------+------------+-------------+-------------+------------+


1.3 Confidence Level
--------------------

+-----------------------------+------------+--------------------------------------------------------+------------------------------------------------------------------------------------------------------------+
| User Input Data             | Confidence | Details                                                | Action                                                                                                     |
+-----------------------------+------------+--------------------------------------------------------+------------------------------------------------------------------------------------------------------------+
| Design implementation state | High       | Design is routed                                       |                                                                                                            |
| Clock nodes activity        | High       | User specified more than 95% of clocks                 |                                                                                                            |
| I/O nodes activity          | Low        | More than 75% of inputs are missing user specification | Provide missing input activity with simulation results or by editing the "By Resource Type -> I/Os" view   |
| Internal nodes activity     | Medium     | User specified less than 25% of internal nodes         | Provide missing internal nodes activity with simulation results or by editing the "By Resource Type" views |
| Device models               | High       | Device models are Production                           |                                                                                                            |
|                             |            |                                                        |                                                                                                            |
| Overall confidence level    | Low        |                                                        |                                                                                                            |
+-----------------------------+------------+--------------------------------------------------------+------------------------------------------------------------------------------------------------------------+


2. Settings
-----------

2.1 Environment
---------------

+-----------------------+--------------------------+
| Ambient Temp (C)      | 25.0                     |
| ThetaJA (C/W)         | 2.5                      |
| Airflow (LFM)         | 250                      |
| Heat Sink             | medium (Medium Profile)  |
| ThetaSA (C/W)         | 4.2                      |
| Board Selection       | medium (10"x10")         |
| # of Board Layers     | 12to15 (12 to 15 Layers) |
| Board Temperature (C) | 25.0                     |
+-----------------------+--------------------------+


2.2 Clock Constraints
---------------------

+---------+--------+-----------------+
| Clock   | Domain | Constraint (ns) |
+---------+--------+-----------------+
| sys_clk | clock  |            10.0 |
+---------+--------+-----------------+


3. Detailed Reports
-------------------

3.1 By Hierarchy
----------------

+---------------+-----------+
| Name          | Power (W) |
+---------------+-----------+
| Top           |     0.960 |
|   uut1        |     0.002 |
|   uut4        |     0.894 |
|     err_a1    |     0.024 |
|       U0      |     0.024 |
|     err_a2    |     0.026 |
|       U0      |     0.026 |
|     err_a3    |     0.026 |
|       U0      |     0.026 |
|     err_a4    |     0.025 |
|       U0      |     0.025 |
|     err_final |     0.007 |
|       U0      |     0.007 |
|     err_m1    |     0.005 |
|       U0      |     0.005 |
|     sol_a1    |     0.024 |
|       U0      |     0.024 |
|     sol_a2    |     0.025 |
|       U0      |     0.025 |
|     sol_a3    |     0.025 |
|       U0      |     0.025 |
|     sol_a4    |     0.025 |
|       U0      |     0.025 |
|     sol_final |     0.028 |
|       U0      |     0.028 |
|     sol_m1    |     0.005 |
|       U0      |     0.005 |
|     uut_kb    |     0.638 |
|       f1      |     0.020 |
|       f2      |     0.021 |
|       f3      |     0.021 |
|       f4      |     0.020 |
|       f5      |     0.020 |
|       f6      |     0.019 |
|       s2_m1   |     0.005 |
|       s2_x    |     0.023 |
|       s2_y    |     0.027 |
|       s3_a1   |     0.024 |
|       s3_m1   |     0.005 |
|       s3_x    |     0.023 |
|       s3_y    |     0.027 |
|       s4_a1   |     0.025 |
|       s4_a2   |     0.025 |
|       s4_m1   |     0.005 |
|       s4_x    |     0.023 |
|       s4_y    |     0.026 |
|       s5_a1   |     0.025 |
|       s5_a2   |     0.025 |
|       s5_a3   |     0.026 |
|       s5_m1   |     0.005 |
|       s5_x    |     0.023 |
|       s5_y    |     0.026 |
|       s6_a1   |     0.024 |
|       s6_a2   |     0.025 |
|       s6_a3   |     0.026 |
|       s6_a4   |     0.026 |
|       s6_m1   |     0.005 |
|       s6_x    |     0.019 |
|       s6_y    |     0.027 |
|     x_add     |     0.007 |
|       U0      |     0.007 |
+---------------+-----------+


