#-----------------------------------------------------------
# Vivado v2025.2 (64-bit)
# SW Build 6299465 on Fri Nov 14 19:35:11 GMT 2025
# IP Build 6300035 on Fri Nov 14 10:48:45 MST 2025
# SharedData Build 6298862 on Thu Nov 13 04:50:51 MST 2025
# Start of session at: Fri Mar 27 22:19:12 2026
# Process ID         : 24560
# Current directory  : C:/Users/lehar/OneDrive/Documents/GitHub/Runge-Kutta-45/RK45/RK45.runs/impl_1
# Command line       : vivado.exe -log Top.vdi -applog -product Vivado -messageDb vivado.pb -mode batch -source Top.tcl -notrace
# Log file           : C:/Users/lehar/OneDrive/Documents/GitHub/Runge-Kutta-45/RK45/RK45.runs/impl_1/Top.vdi
# Journal file       : C:/Users/lehar/OneDrive/Documents/GitHub/Runge-Kutta-45/RK45/RK45.runs/impl_1\vivado.jou
# Running On         : Harry
# Platform           : Windows Server 2016 or Windows 10
# Operating System   : 26200
# Processor Detail   : 13th Gen Intel(R) Core(TM) i9-13900HX
# CPU Frequency      : 2419 MHz
# CPU Physical cores : 24
# CPU Logical cores  : 32
# Host memory        : 16886 MB
# Swap memory        : 23622 MB
# Total Virtual      : 40508 MB
# Available Virtual  : 15374 MB
#-----------------------------------------------------------
source Top.tcl -notrace
