Copyright 1986-2022 Xilinx, Inc. All Rights Reserved. Copyright 2022-2025 Advanced Micro Devices, Inc. All Rights Reserved.
---------------------------------------------------------------------------------------------------------------------------------------------------------------------------------------------------------------------
| Tool Version : Vivado v.2025.2 (win64) Build 6299465 Fri Nov 14 19:35:11 GMT 2025
| Date         : Mon Mar 30 18:08:41 2026
| Host         : Harry running 64-bit major release  (build 9200)
| Command      : report_timing_summary -max_paths 10 -routable_nets -report_unconstrained -file Top_timing_summary_routed.rpt -pb Top_timing_summary_routed.pb -rpx Top_timing_summary_routed.rpx -warn_on_violation
| Design       : Top
| Device       : 7a35t-ftg256
| Speed File   : -1  PRODUCTION 1.23 2018-06-13
| Design State : Routed
---------------------------------------------------------------------------------------------------------------------------------------------------------------------------------------------------------------------

Timing Summary Report

------------------------------------------------------------------------------------------------
| Timer Settings
| --------------
------------------------------------------------------------------------------------------------

  Enable Multi Corner Analysis               :  Yes
  Enable Pessimism Removal                   :  Yes
  Pessimism Removal Resolution               :  Nearest Common Node
  Enable Input Delay Default Clock           :  No
  Enable Preset / Clear Arcs                 :  No
  Disable Flight Delays                      :  No
  Ignore I/O Paths                           :  No
  Timing Early Launch at Borrowing Latches   :  No
  Borrow Time for Max Delay Exceptions       :  Yes
  Merge Timing Exceptions                    :  Yes
  Inter-SLR Compensation                     :  Conservative

  Corner  Analyze    Analyze    
  Name    Max Paths  Min Paths  
  ------  ---------  ---------  
  Slow    Yes        Yes        
  Fast    Yes        Yes        


------------------------------------------------------------------------------------------------
| Report Methodology
| ------------------
------------------------------------------------------------------------------------------------

Rule       Severity          Description                  Violations  
---------  ----------------  ---------------------------  ----------  
TIMING-17  Critical Warning  Non-clocked sequential cell  1000        

Note: This report is based on the most recent report_methodology run and may not be up-to-date. Run report_methodology on the current design for the latest report.



check_timing report

Table of Contents
-----------------
1. checking no_clock (11901)
2. checking constant_clock (0)
3. checking pulse_width_clock (0)
4. checking unconstrained_internal_endpoints (17890)
5. checking no_input_delay (20)
6. checking no_output_delay (64)
7. checking multiple_clock (0)
8. checking generated_clocks (0)
9. checking loops (0)
10. checking partial_input_delay (0)
11. checking partial_output_delay (0)
12. checking latch_loops (0)

1. checking no_clock (11901)
----------------------------
 There are 11901 register/latch pins with no clock driven by root clock pin: clock (HIGH)


2. checking constant_clock (0)
------------------------------
 There are 0 register/latch pins with constant_clock.


3. checking pulse_width_clock (0)
---------------------------------
 There are 0 register/latch pins which need pulse_width check


4. checking unconstrained_internal_endpoints (17890)
----------------------------------------------------
 There are 17890 pins that are not constrained for maximum delay. (HIGH)

 There are 0 pins that are not constrained for maximum delay due to constant clock.


5. checking no_input_delay (20)
-------------------------------
 There are 20 input ports with no input delay specified. (HIGH)

 There are 0 input ports with no input delay but user has a false path constraint.


6. checking no_output_delay (64)
--------------------------------
 There are 64 ports with no output delay specified. (HIGH)

 There are 0 ports with no output delay but user has a false path constraint

 There are 0 ports with no output delay but with a timing clock defined on it or propagating through it


7. checking multiple_clock (0)
------------------------------
 There are 0 register/latch pins with multiple clocks.


8. checking generated_clocks (0)
--------------------------------
 There are 0 generated clocks that are not connected to a clock source.


9. checking loops (0)
---------------------
 There are 0 combinational loops in the design.


10. checking partial_input_delay (0)
------------------------------------
 There are 0 input ports with partial input delay specified.


11. checking partial_output_delay (0)
-------------------------------------
 There are 0 ports with partial output delay specified.


12. checking latch_loops (0)
----------------------------
 There are 0 combinational latch loops in the design through latch input



------------------------------------------------------------------------------------------------
| Design Timing Summary
| ---------------------
------------------------------------------------------------------------------------------------

    WNS(ns)      TNS(ns)  TNS Failing Endpoints  TNS Total Endpoints      WHS(ns)      THS(ns)  THS Failing Endpoints  THS Total Endpoints     WPWS(ns)     TPWS(ns)  TPWS Failing Endpoints  TPWS Total Endpoints  
    -------      -------  ---------------------  -------------------      -------      -------  ---------------------  -------------------     --------     --------  ----------------------  --------------------  
        inf        0.000                      0                17990          inf        0.000                      0                17990           NA           NA                      NA                    NA  


There are no user specified timing constraints.


------------------------------------------------------------------------------------------------
| Clock Summary
| -------------
------------------------------------------------------------------------------------------------


------------------------------------------------------------------------------------------------
| Intra Clock Table
| -----------------
------------------------------------------------------------------------------------------------

Clock             WNS(ns)      TNS(ns)  TNS Failing Endpoints  TNS Total Endpoints      WHS(ns)      THS(ns)  THS Failing Endpoints  THS Total Endpoints     WPWS(ns)     TPWS(ns)  TPWS Failing Endpoints  TPWS Total Endpoints  
-----             -------      -------  ---------------------  -------------------      -------      -------  ---------------------  -------------------     --------     --------  ----------------------  --------------------  


------------------------------------------------------------------------------------------------
| Inter Clock Table
| -----------------
------------------------------------------------------------------------------------------------

From Clock    To Clock          WNS(ns)      TNS(ns)  TNS Failing Endpoints  TNS Total Endpoints      WHS(ns)      THS(ns)  THS Failing Endpoints  THS Total Endpoints  
----------    --------          -------      -------  ---------------------  -------------------      -------      -------  ---------------------  -------------------  


------------------------------------------------------------------------------------------------
| Other Path Groups Table
| -----------------------
------------------------------------------------------------------------------------------------

Path Group    From Clock    To Clock          WNS(ns)      TNS(ns)  TNS Failing Endpoints  TNS Total Endpoints      WHS(ns)      THS(ns)  THS Failing Endpoints  THS Total Endpoints  
----------    ----------    --------          -------      -------  ---------------------  -------------------      -------      -------  ---------------------  -------------------  


------------------------------------------------------------------------------------------------
| User Ignored Path Table
| -----------------------
------------------------------------------------------------------------------------------------

Path Group    From Clock    To Clock    
----------    ----------    --------    


------------------------------------------------------------------------------------------------
| Unconstrained Path Table
| ------------------------
------------------------------------------------------------------------------------------------

Path Group    From Clock    To Clock    
----------    ----------    --------    
(none)                                    


------------------------------------------------------------------------------------------------
| Timing Details
| --------------
------------------------------------------------------------------------------------------------


--------------------------------------------------------------------------------------
Path Group:  (none)
From Clock:  
  To Clock:  

Max Delay         17990 Endpoints
Min Delay         17990 Endpoints
--------------------------------------------------------------------------------------


Max Delay Paths
--------------------------------------------------------------------------------------
Slack:                    inf
  Source:                 inst[16]
                            (input port)
  Destination:            cont[0]
                            (output port)
  Path Group:             (none)
  Path Type:              Max at Slow Process Corner
  Data Path Delay:        12.555ns  (logic 3.985ns (31.740%)  route 8.570ns (68.260%))
  Logic Levels:           3  (IBUF=1 LUT5=1 OBUF=1)

    Location             Delay type                Incr(ns)  Path(ns)    Netlist Resource(s)
  -------------------------------------------------------------------    -------------------
    R3                                                0.000     0.000 r  inst[16] (IN)
                         net (fo=0)                   0.000     0.000    inst[16]
    R3                   IBUF (Prop_ibuf_I_O)         0.975     0.975 r  inst_IBUF[16]_inst/O
                         net (fo=32, routed)          4.441     5.416    inst_IBUF[16]
    SLICE_X14Y33         LUT5 (Prop_lut5_I4_O)        0.148     5.564 r  cont_OBUF[19]_inst_i_1/O
                         net (fo=7, routed)           4.129     9.693    cont_OBUF[0]
    P6                   OBUF (Prop_obuf_I_O)         2.862    12.555 r  cont_OBUF[0]_inst/O
                         net (fo=0)                   0.000    12.555    cont[0]
    P6                                                                r  cont[0] (OUT)
  -------------------------------------------------------------------    -------------------

Slack:                    inf
  Source:                 inst[16]
                            (input port)
  Destination:            cont[2]
                            (output port)
  Path Group:             (none)
  Path Type:              Max at Slow Process Corner
  Data Path Delay:        12.426ns  (logic 3.999ns (32.184%)  route 8.427ns (67.816%))
  Logic Levels:           3  (IBUF=1 LUT5=1 OBUF=1)

    Location             Delay type                Incr(ns)  Path(ns)    Netlist Resource(s)
  -------------------------------------------------------------------    -------------------
    R3                                                0.000     0.000 r  inst[16] (IN)
                         net (fo=0)                   0.000     0.000    inst[16]
    R3                   IBUF (Prop_ibuf_I_O)         0.975     0.975 r  inst_IBUF[16]_inst/O
                         net (fo=32, routed)          4.441     5.416    inst_IBUF[16]
    SLICE_X14Y33         LUT5 (Prop_lut5_I4_O)        0.148     5.564 r  cont_OBUF[19]_inst_i_1/O
                         net (fo=7, routed)           3.986     9.550    cont_OBUF[0]
    R6                   OBUF (Prop_obuf_I_O)         2.876    12.426 r  cont_OBUF[2]_inst/O
                         net (fo=0)                   0.000    12.426    cont[2]
    R6                                                                r  cont[2] (OUT)
  -------------------------------------------------------------------    -------------------

Slack:                    inf
  Source:                 inst[16]
                            (input port)
  Destination:            cont[3]
                            (output port)
  Path Group:             (none)
  Path Type:              Max at Slow Process Corner
  Data Path Delay:        12.265ns  (logic 3.988ns (32.516%)  route 8.277ns (67.484%))
  Logic Levels:           3  (IBUF=1 LUT5=1 OBUF=1)

    Location             Delay type                Incr(ns)  Path(ns)    Netlist Resource(s)
  -------------------------------------------------------------------    -------------------
    R3                                                0.000     0.000 r  inst[16] (IN)
                         net (fo=0)                   0.000     0.000    inst[16]
    R3                   IBUF (Prop_ibuf_I_O)         0.975     0.975 r  inst_IBUF[16]_inst/O
                         net (fo=32, routed)          4.441     5.416    inst_IBUF[16]
    SLICE_X14Y33         LUT5 (Prop_lut5_I4_O)        0.148     5.564 r  cont_OBUF[19]_inst_i_1/O
                         net (fo=7, routed)           3.836     9.400    cont_OBUF[0]
    T5                   OBUF (Prop_obuf_I_O)         2.865    12.265 r  cont_OBUF[3]_inst/O
                         net (fo=0)                   0.000    12.265    cont[3]
    T5                                                                r  cont[3] (OUT)
  -------------------------------------------------------------------    -------------------

Slack:                    inf
  Source:                 inst[16]
                            (input port)
  Destination:            cont[7]
                            (output port)
  Path Group:             (none)
  Path Type:              Max at Slow Process Corner
  Data Path Delay:        11.968ns  (logic 3.989ns (33.329%)  route 7.979ns (66.671%))
  Logic Levels:           3  (IBUF=1 LUT5=1 OBUF=1)

    Location             Delay type                Incr(ns)  Path(ns)    Netlist Resource(s)
  -------------------------------------------------------------------    -------------------
    R3                                                0.000     0.000 r  inst[16] (IN)
                         net (fo=0)                   0.000     0.000    inst[16]
    R3                   IBUF (Prop_ibuf_I_O)         0.975     0.975 r  inst_IBUF[16]_inst/O
                         net (fo=32, routed)          4.441     5.416    inst_IBUF[16]
    SLICE_X14Y33         LUT5 (Prop_lut5_I4_O)        0.148     5.564 r  cont_OBUF[19]_inst_i_1/O
                         net (fo=7, routed)           3.538     9.102    cont_OBUF[0]
    T8                   OBUF (Prop_obuf_I_O)         2.866    11.968 r  cont_OBUF[7]_inst/O
                         net (fo=0)                   0.000    11.968    cont[7]
    T8                                                                r  cont[7] (OUT)
  -------------------------------------------------------------------    -------------------

Slack:                    inf
  Source:                 inst[16]
                            (input port)
  Destination:            cont[6]
                            (output port)
  Path Group:             (none)
  Path Type:              Max at Slow Process Corner
  Data Path Delay:        11.857ns  (logic 3.760ns (31.713%)  route 8.097ns (68.287%))
  Logic Levels:           3  (IBUF=1 LUT5=1 OBUF=1)

    Location             Delay type                Incr(ns)  Path(ns)    Netlist Resource(s)
  -------------------------------------------------------------------    -------------------
    R3                                                0.000     0.000 r  inst[16] (IN)
                         net (fo=0)                   0.000     0.000    inst[16]
    R3                   IBUF (Prop_ibuf_I_O)         0.975     0.975 r  inst_IBUF[16]_inst/O
                         net (fo=32, routed)          4.441     5.416    inst_IBUF[16]
    SLICE_X14Y33         LUT5 (Prop_lut5_I3_O)        0.124     5.540 r  cont_OBUF[22]_inst_i_1/O
                         net (fo=5, routed)           3.656     9.196    cont_OBUF[6]
    T9                   OBUF (Prop_obuf_I_O)         2.661    11.857 r  cont_OBUF[6]_inst/O
                         net (fo=0)                   0.000    11.857    cont[6]
    T9                                                                r  cont[6] (OUT)
  -------------------------------------------------------------------    -------------------

Slack:                    inf
  Source:                 inst[16]
                            (input port)
  Destination:            cont[10]
                            (output port)
  Path Group:             (none)
  Path Type:              Max at Slow Process Corner
  Data Path Delay:        11.728ns  (logic 3.774ns (32.180%)  route 7.954ns (67.820%))
  Logic Levels:           3  (IBUF=1 LUT5=1 OBUF=1)

    Location             Delay type                Incr(ns)  Path(ns)    Netlist Resource(s)
  -------------------------------------------------------------------    -------------------
    R3                                                0.000     0.000 r  inst[16] (IN)
                         net (fo=0)                   0.000     0.000    inst[16]
    R3                   IBUF (Prop_ibuf_I_O)         0.975     0.975 r  inst_IBUF[16]_inst/O
                         net (fo=32, routed)          4.441     5.416    inst_IBUF[16]
    SLICE_X14Y33         LUT5 (Prop_lut5_I3_O)        0.124     5.540 r  cont_OBUF[22]_inst_i_1/O
                         net (fo=5, routed)           3.513     9.053    cont_OBUF[6]
    P8                   OBUF (Prop_obuf_I_O)         2.675    11.728 r  cont_OBUF[10]_inst/O
                         net (fo=0)                   0.000    11.728    cont[10]
    P8                                                                r  cont[10] (OUT)
  -------------------------------------------------------------------    -------------------

Slack:                    inf
  Source:                 inst[16]
                            (input port)
  Destination:            cont[11]
                            (output port)
  Path Group:             (none)
  Path Type:              Max at Slow Process Corner
  Data Path Delay:        11.691ns  (logic 4.009ns (34.294%)  route 7.682ns (65.706%))
  Logic Levels:           3  (IBUF=1 LUT5=1 OBUF=1)

    Location             Delay type                Incr(ns)  Path(ns)    Netlist Resource(s)
  -------------------------------------------------------------------    -------------------
    R3                                                0.000     0.000 r  inst[16] (IN)
                         net (fo=0)                   0.000     0.000    inst[16]
    R3                   IBUF (Prop_ibuf_I_O)         0.975     0.975 r  inst_IBUF[16]_inst/O
                         net (fo=32, routed)          4.441     5.416    inst_IBUF[16]
    SLICE_X14Y33         LUT5 (Prop_lut5_I4_O)        0.148     5.564 r  cont_OBUF[19]_inst_i_1/O
                         net (fo=7, routed)           3.241     8.805    cont_OBUF[0]
    N6                   OBUF (Prop_obuf_I_O)         2.886    11.691 r  cont_OBUF[11]_inst/O
                         net (fo=0)                   0.000    11.691    cont[11]
    N6                                                                r  cont[11] (OUT)
  -------------------------------------------------------------------    -------------------

Slack:                    inf
  Source:                 inst[16]
                            (input port)
  Destination:            cont[14]
                            (output port)
  Path Group:             (none)
  Path Type:              Max at Slow Process Corner
  Data Path Delay:        11.374ns  (logic 3.986ns (35.047%)  route 7.387ns (64.953%))
  Logic Levels:           3  (IBUF=1 LUT5=1 OBUF=1)

    Location             Delay type                Incr(ns)  Path(ns)    Netlist Resource(s)
  -------------------------------------------------------------------    -------------------
    R3                                                0.000     0.000 r  inst[16] (IN)
                         net (fo=0)                   0.000     0.000    inst[16]
    R3                   IBUF (Prop_ibuf_I_O)         0.975     0.975 r  inst_IBUF[16]_inst/O
                         net (fo=32, routed)          4.441     5.416    inst_IBUF[16]
    SLICE_X14Y33         LUT5 (Prop_lut5_I4_O)        0.148     5.564 r  cont_OBUF[19]_inst_i_1/O
                         net (fo=7, routed)           2.946     8.511    cont_OBUF[0]
    N9                   OBUF (Prop_obuf_I_O)         2.863    11.374 r  cont_OBUF[14]_inst/O
                         net (fo=0)                   0.000    11.374    cont[14]
    N9                                                                r  cont[14] (OUT)
  -------------------------------------------------------------------    -------------------

Slack:                    inf
  Source:                 inst[16]
                            (input port)
  Destination:            cont[15]
                            (output port)
  Path Group:             (none)
  Path Type:              Max at Slow Process Corner
  Data Path Delay:        11.357ns  (logic 3.760ns (33.111%)  route 7.597ns (66.889%))
  Logic Levels:           3  (IBUF=1 LUT5=1 OBUF=1)

    Location             Delay type                Incr(ns)  Path(ns)    Netlist Resource(s)
  -------------------------------------------------------------------    -------------------
    R3                                                0.000     0.000 r  inst[16] (IN)
                         net (fo=0)                   0.000     0.000    inst[16]
    R3                   IBUF (Prop_ibuf_I_O)         0.975     0.975 r  inst_IBUF[16]_inst/O
                         net (fo=32, routed)          4.441     5.416    inst_IBUF[16]
    SLICE_X14Y33         LUT5 (Prop_lut5_I3_O)        0.124     5.540 r  cont_OBUF[22]_inst_i_1/O
                         net (fo=5, routed)           3.156     8.696    cont_OBUF[6]
    R11                  OBUF (Prop_obuf_I_O)         2.661    11.357 r  cont_OBUF[15]_inst/O
                         net (fo=0)                   0.000    11.357    cont[15]
    R11                                                               r  cont[15] (OUT)
  -------------------------------------------------------------------    -------------------

Slack:                    inf
  Source:                 inst[16]
                            (input port)
  Destination:            cont[18]
                            (output port)
  Path Group:             (none)
  Path Type:              Max at Slow Process Corner
  Data Path Delay:        11.054ns  (logic 3.753ns (33.955%)  route 7.301ns (66.045%))
  Logic Levels:           3  (IBUF=1 LUT5=1 OBUF=1)

    Location             Delay type                Incr(ns)  Path(ns)    Netlist Resource(s)
  -------------------------------------------------------------------    -------------------
    R3                                                0.000     0.000 r  inst[16] (IN)
                         net (fo=0)                   0.000     0.000    inst[16]
    R3                   IBUF (Prop_ibuf_I_O)         0.975     0.975 r  inst_IBUF[16]_inst/O
                         net (fo=32, routed)          4.441     5.416    inst_IBUF[16]
    SLICE_X14Y33         LUT5 (Prop_lut5_I3_O)        0.124     5.540 r  cont_OBUF[22]_inst_i_1/O
                         net (fo=5, routed)           2.860     8.400    cont_OBUF[6]
    R13                  OBUF (Prop_obuf_I_O)         2.654    11.054 r  cont_OBUF[18]_inst/O
                         net (fo=0)                   0.000    11.054    cont[18]
    R13                                                               r  cont[18] (OUT)
  -------------------------------------------------------------------    -------------------





Min Delay Paths
--------------------------------------------------------------------------------------
Slack:                    inf
  Source:                 Top/RKMod1/k_block/func__xdcDup__1/fpu_mul__4/<hidden>/<hidden>/<hidden>/<hidden>/<hidden>/<hidden>/<hidden>
                            (internal pin)
  Destination:            Top/RKMod1/k_block/func__xdcDup__1/fpu_mul__4/<hidden>/<hidden>/<hidden>/<hidden>/<hidden>/<hidden>/<hidden>
  Path Group:             (none)
  Path Type:              Min at Slow Process Corner
  Data Path Delay:        0.002ns  (logic 0.000ns (0.000%)  route 0.002ns (100.000%))
  Logic Levels:           0  

    Location             Delay type                Incr(ns)  Path(ns)    Netlist Resource(s)
  -------------------------------------------------------------------    -------------------
    DSP48_X1Y40          DSP48E1                      0.000     0.000 r  Top/RKMod1/k_block/func__xdcDup__1/fpu_mul__4/<hidden>/<hidden>/<hidden>/<hidden>/<hidden>/<hidden>/<hidden>
                         net (fo=1, routed)           0.002     0.002    Top/RKMod1/k_block/func__xdcDup__1/fpu_mul__4/<hidden>/<hidden>/<hidden>/<hidden>/<hidden>/<hidden>/<hidden>
    DSP48_X1Y41          DSP48E1                                      r  Top/RKMod1/k_block/func__xdcDup__1/fpu_mul__4/<hidden>/<hidden>/<hidden>/<hidden>/<hidden>/<hidden>/<hidden>
  -------------------------------------------------------------------    -------------------

Slack:                    inf
  Source:                 Top/RKMod1/k_block/func__xdcDup__1/fpu_mul__4/<hidden>/<hidden>/<hidden>/<hidden>/<hidden>/<hidden>/<hidden>
                            (internal pin)
  Destination:            Top/RKMod1/k_block/func__xdcDup__1/fpu_mul__4/<hidden>/<hidden>/<hidden>/<hidden>/<hidden>/<hidden>/<hidden>
  Path Group:             (none)
  Path Type:              Min at Slow Process Corner
  Data Path Delay:        0.002ns  (logic 0.000ns (0.000%)  route 0.002ns (100.000%))
  Logic Levels:           0  

    Location             Delay type                Incr(ns)  Path(ns)    Netlist Resource(s)
  -------------------------------------------------------------------    -------------------
    DSP48_X1Y40          DSP48E1                      0.000     0.000 r  Top/RKMod1/k_block/func__xdcDup__1/fpu_mul__4/<hidden>/<hidden>/<hidden>/<hidden>/<hidden>/<hidden>/<hidden>
                         net (fo=1, routed)           0.002     0.002    Top/RKMod1/k_block/func__xdcDup__1/fpu_mul__4/<hidden>/<hidden>/<hidden>/<hidden>/<hidden>/<hidden>/<hidden>
    DSP48_X1Y41          DSP48E1                                      r  Top/RKMod1/k_block/func__xdcDup__1/fpu_mul__4/<hidden>/<hidden>/<hidden>/<hidden>/<hidden>/<hidden>/<hidden>
  -------------------------------------------------------------------    -------------------

Slack:                    inf
  Source:                 Top/RKMod1/k_block/func__xdcDup__1/fpu_mul__4/<hidden>/<hidden>/<hidden>/<hidden>/<hidden>/<hidden>/<hidden>
                            (internal pin)
  Destination:            Top/RKMod1/k_block/func__xdcDup__1/fpu_mul__4/<hidden>/<hidden>/<hidden>/<hidden>/<hidden>/<hidden>/<hidden>
  Path Group:             (none)
  Path Type:              Min at Slow Process Corner
  Data Path Delay:        0.002ns  (logic 0.000ns (0.000%)  route 0.002ns (100.000%))
  Logic Levels:           0  

    Location             Delay type                Incr(ns)  Path(ns)    Netlist Resource(s)
  -------------------------------------------------------------------    -------------------
    DSP48_X1Y40          DSP48E1                      0.000     0.000 r  Top/RKMod1/k_block/func__xdcDup__1/fpu_mul__4/<hidden>/<hidden>/<hidden>/<hidden>/<hidden>/<hidden>/<hidden>
                         net (fo=1, routed)           0.002     0.002    Top/RKMod1/k_block/func__xdcDup__1/fpu_mul__4/<hidden>/<hidden>/<hidden>/<hidden>/<hidden>/<hidden>/<hidden>
    DSP48_X1Y41          DSP48E1                                      r  Top/RKMod1/k_block/func__xdcDup__1/fpu_mul__4/<hidden>/<hidden>/<hidden>/<hidden>/<hidden>/<hidden>/<hidden>
  -------------------------------------------------------------------    -------------------

Slack:                    inf
  Source:                 Top/RKMod1/k_block/func__xdcDup__1/fpu_mul__4/<hidden>/<hidden>/<hidden>/<hidden>/<hidden>/<hidden>/<hidden>
                            (internal pin)
  Destination:            Top/RKMod1/k_block/func__xdcDup__1/fpu_mul__4/<hidden>/<hidden>/<hidden>/<hidden>/<hidden>/<hidden>/<hidden>
  Path Group:             (none)
  Path Type:              Min at Slow Process Corner
  Data Path Delay:        0.002ns  (logic 0.000ns (0.000%)  route 0.002ns (100.000%))
  Logic Levels:           0  

    Location             Delay type                Incr(ns)  Path(ns)    Netlist Resource(s)
  -------------------------------------------------------------------    -------------------
    DSP48_X1Y40          DSP48E1                      0.000     0.000 r  Top/RKMod1/k_block/func__xdcDup__1/fpu_mul__4/<hidden>/<hidden>/<hidden>/<hidden>/<hidden>/<hidden>/<hidden>
                         net (fo=1, routed)           0.002     0.002    Top/RKMod1/k_block/func__xdcDup__1/fpu_mul__4/<hidden>/<hidden>/<hidden>/<hidden>/<hidden>/<hidden>/<hidden>
    DSP48_X1Y41          DSP48E1                                      r  Top/RKMod1/k_block/func__xdcDup__1/fpu_mul__4/<hidden>/<hidden>/<hidden>/<hidden>/<hidden>/<hidden>/<hidden>
  -------------------------------------------------------------------    -------------------

Slack:                    inf
  Source:                 Top/RKMod1/k_block/func__xdcDup__1/fpu_mul__4/<hidden>/<hidden>/<hidden>/<hidden>/<hidden>/<hidden>/<hidden>
                            (internal pin)
  Destination:            Top/RKMod1/k_block/func__xdcDup__1/fpu_mul__4/<hidden>/<hidden>/<hidden>/<hidden>/<hidden>/<hidden>/<hidden>
  Path Group:             (none)
  Path Type:              Min at Slow Process Corner
  Data Path Delay:        0.002ns  (logic 0.000ns (0.000%)  route 0.002ns (100.000%))
  Logic Levels:           0  

    Location             Delay type                Incr(ns)  Path(ns)    Netlist Resource(s)
  -------------------------------------------------------------------    -------------------
    DSP48_X1Y40          DSP48E1                      0.000     0.000 r  Top/RKMod1/k_block/func__xdcDup__1/fpu_mul__4/<hidden>/<hidden>/<hidden>/<hidden>/<hidden>/<hidden>/<hidden>
                         net (fo=1, routed)           0.002     0.002    Top/RKMod1/k_block/func__xdcDup__1/fpu_mul__4/<hidden>/<hidden>/<hidden>/<hidden>/<hidden>/<hidden>/<hidden>
    DSP48_X1Y41          DSP48E1                                      r  Top/RKMod1/k_block/func__xdcDup__1/fpu_mul__4/<hidden>/<hidden>/<hidden>/<hidden>/<hidden>/<hidden>/<hidden>
  -------------------------------------------------------------------    -------------------

Slack:                    inf
  Source:                 Top/RKMod1/k_block/func__xdcDup__1/fpu_mul__4/<hidden>/<hidden>/<hidden>/<hidden>/<hidden>/<hidden>/<hidden>
                            (internal pin)
  Destination:            Top/RKMod1/k_block/func__xdcDup__1/fpu_mul__4/<hidden>/<hidden>/<hidden>/<hidden>/<hidden>/<hidden>/<hidden>
  Path Group:             (none)
  Path Type:              Min at Slow Process Corner
  Data Path Delay:        0.002ns  (logic 0.000ns (0.000%)  route 0.002ns (100.000%))
  Logic Levels:           0  

    Location             Delay type                Incr(ns)  Path(ns)    Netlist Resource(s)
  -------------------------------------------------------------------    -------------------
    DSP48_X1Y40          DSP48E1                      0.000     0.000 r  Top/RKMod1/k_block/func__xdcDup__1/fpu_mul__4/<hidden>/<hidden>/<hidden>/<hidden>/<hidden>/<hidden>/<hidden>
                         net (fo=1, routed)           0.002     0.002    Top/RKMod1/k_block/func__xdcDup__1/fpu_mul__4/<hidden>/<hidden>/<hidden>/<hidden>/<hidden>/<hidden>/<hidden>
    DSP48_X1Y41          DSP48E1                                      r  Top/RKMod1/k_block/func__xdcDup__1/fpu_mul__4/<hidden>/<hidden>/<hidden>/<hidden>/<hidden>/<hidden>/<hidden>
  -------------------------------------------------------------------    -------------------

Slack:                    inf
  Source:                 Top/RKMod1/k_block/func__xdcDup__1/fpu_mul__4/<hidden>/<hidden>/<hidden>/<hidden>/<hidden>/<hidden>/<hidden>
                            (internal pin)
  Destination:            Top/RKMod1/k_block/func__xdcDup__1/fpu_mul__4/<hidden>/<hidden>/<hidden>/<hidden>/<hidden>/<hidden>/<hidden>
  Path Group:             (none)
  Path Type:              Min at Slow Process Corner
  Data Path Delay:        0.002ns  (logic 0.000ns (0.000%)  route 0.002ns (100.000%))
  Logic Levels:           0  

    Location             Delay type                Incr(ns)  Path(ns)    Netlist Resource(s)
  -------------------------------------------------------------------    -------------------
    DSP48_X1Y40          DSP48E1                      0.000     0.000 r  Top/RKMod1/k_block/func__xdcDup__1/fpu_mul__4/<hidden>/<hidden>/<hidden>/<hidden>/<hidden>/<hidden>/<hidden>
                         net (fo=1, routed)           0.002     0.002    Top/RKMod1/k_block/func__xdcDup__1/fpu_mul__4/<hidden>/<hidden>/<hidden>/<hidden>/<hidden>/<hidden>/<hidden>
    DSP48_X1Y41          DSP48E1                                      r  Top/RKMod1/k_block/func__xdcDup__1/fpu_mul__4/<hidden>/<hidden>/<hidden>/<hidden>/<hidden>/<hidden>/<hidden>
  -------------------------------------------------------------------    -------------------

Slack:                    inf
  Source:                 Top/RKMod1/k_block/func__xdcDup__1/fpu_mul__4/<hidden>/<hidden>/<hidden>/<hidden>/<hidden>/<hidden>/<hidden>
                            (internal pin)
  Destination:            Top/RKMod1/k_block/func__xdcDup__1/fpu_mul__4/<hidden>/<hidden>/<hidden>/<hidden>/<hidden>/<hidden>/<hidden>
  Path Group:             (none)
  Path Type:              Min at Slow Process Corner
  Data Path Delay:        0.002ns  (logic 0.000ns (0.000%)  route 0.002ns (100.000%))
  Logic Levels:           0  

    Location             Delay type                Incr(ns)  Path(ns)    Netlist Resource(s)
  -------------------------------------------------------------------    -------------------
    DSP48_X1Y40          DSP48E1                      0.000     0.000 r  Top/RKMod1/k_block/func__xdcDup__1/fpu_mul__4/<hidden>/<hidden>/<hidden>/<hidden>/<hidden>/<hidden>/<hidden>
                         net (fo=1, routed)           0.002     0.002    Top/RKMod1/k_block/func__xdcDup__1/fpu_mul__4/<hidden>/<hidden>/<hidden>/<hidden>/<hidden>/<hidden>/<hidden>
    DSP48_X1Y41          DSP48E1                                      r  Top/RKMod1/k_block/func__xdcDup__1/fpu_mul__4/<hidden>/<hidden>/<hidden>/<hidden>/<hidden>/<hidden>/<hidden>
  -------------------------------------------------------------------    -------------------

Slack:                    inf
  Source:                 Top/RKMod1/k_block/func__xdcDup__1/fpu_mul__4/<hidden>/<hidden>/<hidden>/<hidden>/<hidden>/<hidden>/<hidden>
                            (internal pin)
  Destination:            Top/RKMod1/k_block/func__xdcDup__1/fpu_mul__4/<hidden>/<hidden>/<hidden>/<hidden>/<hidden>/<hidden>/<hidden>
  Path Group:             (none)
  Path Type:              Min at Slow Process Corner
  Data Path Delay:        0.002ns  (logic 0.000ns (0.000%)  route 0.002ns (100.000%))
  Logic Levels:           0  

    Location             Delay type                Incr(ns)  Path(ns)    Netlist Resource(s)
  -------------------------------------------------------------------    -------------------
    DSP48_X1Y40          DSP48E1                      0.000     0.000 r  Top/RKMod1/k_block/func__xdcDup__1/fpu_mul__4/<hidden>/<hidden>/<hidden>/<hidden>/<hidden>/<hidden>/<hidden>
                         net (fo=1, routed)           0.002     0.002    Top/RKMod1/k_block/func__xdcDup__1/fpu_mul__4/<hidden>/<hidden>/<hidden>/<hidden>/<hidden>/<hidden>/<hidden>
    DSP48_X1Y41          DSP48E1                                      r  Top/RKMod1/k_block/func__xdcDup__1/fpu_mul__4/<hidden>/<hidden>/<hidden>/<hidden>/<hidden>/<hidden>/<hidden>
  -------------------------------------------------------------------    -------------------

Slack:                    inf
  Source:                 Top/RKMod1/k_block/func__xdcDup__1/fpu_mul__4/<hidden>/<hidden>/<hidden>/<hidden>/<hidden>/<hidden>/<hidden>
                            (internal pin)
  Destination:            Top/RKMod1/k_block/func__xdcDup__1/fpu_mul__4/<hidden>/<hidden>/<hidden>/<hidden>/<hidden>/<hidden>/<hidden>
  Path Group:             (none)
  Path Type:              Min at Slow Process Corner
  Data Path Delay:        0.002ns  (logic 0.000ns (0.000%)  route 0.002ns (100.000%))
  Logic Levels:           0  

    Location             Delay type                Incr(ns)  Path(ns)    Netlist Resource(s)
  -------------------------------------------------------------------    -------------------
    DSP48_X1Y40          DSP48E1                      0.000     0.000 r  Top/RKMod1/k_block/func__xdcDup__1/fpu_mul__4/<hidden>/<hidden>/<hidden>/<hidden>/<hidden>/<hidden>/<hidden>
                         net (fo=1, routed)           0.002     0.002    Top/RKMod1/k_block/func__xdcDup__1/fpu_mul__4/<hidden>/<hidden>/<hidden>/<hidden>/<hidden>/<hidden>/<hidden>
    DSP48_X1Y41          DSP48E1                                      r  Top/RKMod1/k_block/func__xdcDup__1/fpu_mul__4/<hidden>/<hidden>/<hidden>/<hidden>/<hidden>/<hidden>/<hidden>
  -------------------------------------------------------------------    -------------------





